Archive member included to satisfy reference by file (symbol)

C:/ST/STM32CubeIDE_1.16.0/STM32CubeIDE/plugins/com.st.stm32cube.ide.mcu.externaltools.gnu-tools-for-stm32.12.3.rel1.win32_1.0.200.202406191623/tools/bin/../lib/gcc/arm-none-eabi/12.3.1/../../../../arm-none-eabi/lib/thumb/v7e-m+fp/hard\libc_nano.a(libc_a-exit.o)
                              C:/ST/STM32CubeIDE_1.16.0/STM32CubeIDE/plugins/com.st.stm32cube.ide.mcu.externaltools.gnu-tools-for-stm32.12.3.rel1.win32_1.0.200.202406191623/tools/bin/../lib/gcc/arm-none-eabi/12.3.1/../../../../arm-none-eabi/lib/thumb/v7e-m+fp/hard/crt0.o (exit)
C:/ST/STM32CubeIDE_1.16.0/STM32CubeIDE/plugins/com.st.stm32cube.ide.mcu.externaltools.gnu-tools-for-stm32.12.3.rel1.win32_1.0.200.202406191623/tools/bin/../lib/gcc/arm-none-eabi/12.3.1/../../../../arm-none-eabi/lib/thumb/v7e-m+fp/hard\libc_nano.a(libc_a-findfp.o)
                              C:/ST/STM32CubeIDE_1.16.0/STM32CubeIDE/plugins/com.st.stm32cube.ide.mcu.externaltools.gnu-tools-for-stm32.12.3.rel1.win32_1.0.200.202406191623/tools/bin/../lib/gcc/arm-none-eabi/12.3.1/../../../../arm-none-eabi/lib/thumb/v7e-m+fp/hard\libc_nano.a(libc_a-exit.o) (__stdio_exit_handler)
C:/ST/STM32CubeIDE_1.16.0/STM32CubeIDE/plugins/com.st.stm32cube.ide.mcu.externaltools.gnu-tools-for-stm32.12.3.rel1.win32_1.0.200.202406191623/tools/bin/../lib/gcc/arm-none-eabi/12.3.1/../../../../arm-none-eabi/lib/thumb/v7e-m+fp/hard\libc_nano.a(libc_a-fwalk.o)
                              C:/ST/STM32CubeIDE_1.16.0/STM32CubeIDE/plugins/com.st.stm32cube.ide.mcu.externaltools.gnu-tools-for-stm32.12.3.rel1.win32_1.0.200.202406191623/tools/bin/../lib/gcc/arm-none-eabi/12.3.1/../../../../arm-none-eabi/lib/thumb/v7e-m+fp/hard\libc_nano.a(libc_a-findfp.o) (_fwalk_sglue)
C:/ST/STM32CubeIDE_1.16.0/STM32CubeIDE/plugins/com.st.stm32cube.ide.mcu.externaltools.gnu-tools-for-stm32.12.3.rel1.win32_1.0.200.202406191623/tools/bin/../lib/gcc/arm-none-eabi/12.3.1/../../../../arm-none-eabi/lib/thumb/v7e-m+fp/hard\libc_nano.a(libc_a-stdio.o)
                              C:/ST/STM32CubeIDE_1.16.0/STM32CubeIDE/plugins/com.st.stm32cube.ide.mcu.externaltools.gnu-tools-for-stm32.12.3.rel1.win32_1.0.200.202406191623/tools/bin/../lib/gcc/arm-none-eabi/12.3.1/../../../../arm-none-eabi/lib/thumb/v7e-m+fp/hard\libc_nano.a(libc_a-findfp.o) (__sread)
C:/ST/STM32CubeIDE_1.16.0/STM32CubeIDE/plugins/com.st.stm32cube.ide.mcu.externaltools.gnu-tools-for-stm32.12.3.rel1.win32_1.0.200.202406191623/tools/bin/../lib/gcc/arm-none-eabi/12.3.1/../../../../arm-none-eabi/lib/thumb/v7e-m+fp/hard\libc_nano.a(libc_a-memset.o)
                              C:/ST/STM32CubeIDE_1.16.0/STM32CubeIDE/plugins/com.st.stm32cube.ide.mcu.externaltools.gnu-tools-for-stm32.12.3.rel1.win32_1.0.200.202406191623/tools/bin/../lib/gcc/arm-none-eabi/12.3.1/../../../../arm-none-eabi/lib/thumb/v7e-m+fp/hard/crt0.o (memset)
C:/ST/STM32CubeIDE_1.16.0/STM32CubeIDE/plugins/com.st.stm32cube.ide.mcu.externaltools.gnu-tools-for-stm32.12.3.rel1.win32_1.0.200.202406191623/tools/bin/../lib/gcc/arm-none-eabi/12.3.1/../../../../arm-none-eabi/lib/thumb/v7e-m+fp/hard\libc_nano.a(libc_a-closer.o)
                              C:/ST/STM32CubeIDE_1.16.0/STM32CubeIDE/plugins/com.st.stm32cube.ide.mcu.externaltools.gnu-tools-for-stm32.12.3.rel1.win32_1.0.200.202406191623/tools/bin/../lib/gcc/arm-none-eabi/12.3.1/../../../../arm-none-eabi/lib/thumb/v7e-m+fp/hard\libc_nano.a(libc_a-stdio.o) (_close_r)
C:/ST/STM32CubeIDE_1.16.0/STM32CubeIDE/plugins/com.st.stm32cube.ide.mcu.externaltools.gnu-tools-for-stm32.12.3.rel1.win32_1.0.200.202406191623/tools/bin/../lib/gcc/arm-none-eabi/12.3.1/../../../../arm-none-eabi/lib/thumb/v7e-m+fp/hard\libc_nano.a(libc_a-reent.o)
                              C:/ST/STM32CubeIDE_1.16.0/STM32CubeIDE/plugins/com.st.stm32cube.ide.mcu.externaltools.gnu-tools-for-stm32.12.3.rel1.win32_1.0.200.202406191623/tools/bin/../lib/gcc/arm-none-eabi/12.3.1/../../../../arm-none-eabi/lib/thumb/v7e-m+fp/hard\libc_nano.a(libc_a-closer.o) (errno)
C:/ST/STM32CubeIDE_1.16.0/STM32CubeIDE/plugins/com.st.stm32cube.ide.mcu.externaltools.gnu-tools-for-stm32.12.3.rel1.win32_1.0.200.202406191623/tools/bin/../lib/gcc/arm-none-eabi/12.3.1/../../../../arm-none-eabi/lib/thumb/v7e-m+fp/hard\libc_nano.a(libc_a-impure.o)
                              C:/ST/STM32CubeIDE_1.16.0/STM32CubeIDE/plugins/com.st.stm32cube.ide.mcu.externaltools.gnu-tools-for-stm32.12.3.rel1.win32_1.0.200.202406191623/tools/bin/../lib/gcc/arm-none-eabi/12.3.1/../../../../arm-none-eabi/lib/thumb/v7e-m+fp/hard\libc_nano.a(libc_a-reent.o) (_impure_ptr)
C:/ST/STM32CubeIDE_1.16.0/STM32CubeIDE/plugins/com.st.stm32cube.ide.mcu.externaltools.gnu-tools-for-stm32.12.3.rel1.win32_1.0.200.202406191623/tools/bin/../lib/gcc/arm-none-eabi/12.3.1/../../../../arm-none-eabi/lib/thumb/v7e-m+fp/hard\libc_nano.a(libc_a-lseekr.o)
[...]
Memory Configuration

Name             Origin             Length             Attributes
CCMRAM           0x10000000         0x00010000         xrw
RAM              0x20000000         0x00020000         xrw
FLASH            0x08000000         0x00100000         xr
*default*        0x00000000         0xffffffff

Linker script and memory map

LOAD C:/ST/STM32CubeIDE_1.16.0/STM32CubeIDE/plugins/com.st.stm32cube.ide.mcu.externaltools.gnu-tools-for-stm32.12.3.rel1.win32_1.0.200.202406191623/tools/bin/../lib/gcc/arm-none-eabi/12.3.1/thumb/v7e-m+fp/hard/crti.o
LOAD C:/ST/STM32CubeIDE_1.16.0/STM32CubeIDE/plugins/com.st.stm32cube.ide.mcu.externaltools.gnu-tools-for-stm32.12.3.rel1.win32_1.0.200.202406191623/tools/bin/../lib/gcc/arm-none-eabi/12.3.1/thumb/v7e-m+fp/hard/crtbegin.o
LOAD C:/ST/STM32CubeIDE_1.16.0/STM32CubeIDE/plugins/com.st.stm32cube.ide.mcu.externaltools.gnu-tools-for-stm32.12.3.rel1.win32_1.0.200.202406191623/tools/bin/../lib/gcc/arm-none-eabi/12.3.1/../../../../arm-none-eabi/lib/thumb/v7e-m+fp/hard/crt0.o
LOAD ./Core/Src/main.o
LOAD ./Core/Src/stm32f4xx_hal_msp.o
LOAD ./Core/Src/stm32f4xx_hal_timebase_tim.o
LOAD ./Core/Src/stm32f4xx_it.o
LOAD ./Core/Src/syscalls.o
LOAD ./Core/Src/sysmem.o
LOAD ./Core/Src/system_stm32f4xx.o
LOAD ./Core/Startup/startup_stm32f407vgtx.o
LOAD ./Drivers/STM32F4xx_HAL_Driver/Src/stm32f4xx_hal.o
LOAD ./Drivers/STM32F4xx_HAL_Driver/Src/stm32f4xx_hal_cortex.o
LOAD ./Drivers/STM32F4xx_HAL_Driver/Src/stm32f4xx_hal_dma.o
LOAD ./Drivers/STM32F4xx_HAL_Driver/Src/stm32f4xx_hal_dma_ex.o
LOAD ./Drivers/STM32F4xx_HAL_Driver/Src/stm32f4xx_hal_exti.o
LOAD ./Drivers/STM32F4xx_HAL_Driver/Src/stm32f4xx_hal_flash.o
LOAD ./Drivers/STM32F4xx_HAL_Driver/Src/stm32f4xx_hal_flash_ex.o
LOAD ./Drivers/STM32F4xx_HAL_Driver/Src/stm32f4xx_hal_flash_ramfunc.o
LOAD ./Drivers/STM32F4xx_HAL_Driver/Src/stm32f4xx_hal_gpio.o
LOAD ./Drivers/STM32F4xx_HAL_Driver/Src/stm32f4xx_hal_i2c.o
LOAD ./Drivers/STM32F4xx_HAL_Driver/Src/stm32f4xx_hal_i2c_ex.o
LOAD ./Drivers/STM32F4xx_HAL_Driver/Src/stm32f4xx_hal_pwr.o
LOAD ./Drivers/STM32F4xx_HAL_Driver/Src/stm32f4xx_hal_pwr_ex.o
LOAD ./Drivers/STM32F4xx_HAL_Driver/Src/stm32f4xx_hal_rcc.o
LOAD ./Drivers/STM32F4xx_HAL_Driver/Src/stm32f4xx_hal_rcc_ex.o
LOAD ./Drivers/STM32F4xx_HAL_Driver/Src/stm32f4xx_hal_tim.o
LOAD ./Drivers/STM32F4xx_HAL_Driver/Src/stm32f4xx_hal_tim_ex.o
LOAD ./thirdparty/FreeRTOS/Source/croutine.o
LOAD ./thirdparty/FreeRTOS/Source/event_groups.o
LOAD ./thirdparty/FreeRTOS/Source/list.o
LOAD ./thirdparty/FreeRTOS/Source/queue.o
LOAD ./thirdparty/FreeRTOS/Source/stream_buffer.o
LOAD ./thirdparty/FreeRTOS/Source/tasks.o
LOAD ./thirdparty/FreeRTOS/Source/timers.o
LOAD ./thirdparty/FreeRTOS/Source/portable/GCC/ARM_CM4F/port.o
LOAD ./thirdparty/FreeRTOS/Source/portable/MemMang/heap_4.o
START GROUP
LOAD C:/ST/STM32CubeIDE_1.16.0/STM32CubeIDE/plugins/com.st.stm32cube.ide.mcu.externaltools.gnu-tools-for-stm32.12.3.rel1.win32_1.0.200.202406191623/tools/bin/../lib/gcc/arm-none-eabi/12.3.1/../../../../arm-none-eabi/lib/thumb/v7e-m+fp/hard\libc_nano.a
LOAD C:/ST/STM32CubeIDE_1.16.0/STM32CubeIDE/plugins/com.st.stm32cube.ide.mcu.externaltools.gnu-tools-for-stm32.12.3.rel1.win32_1.0.200.202406191623/tools/bin/../lib/gcc/arm-none-eabi/12.3.1/../../../../arm-none-eabi/lib/thumb/v7e-m+fp/hard\libm.a
END GROUP
START GROUP
LOAD C:/ST/STM32CubeIDE_1.16.0/STM32CubeIDE/plugins/com.st.stm32cube.ide.mcu.externaltools.gnu-tools-for-stm32.12.3.rel1.win32_1.0.200.202406191623/tools/bin/../lib/gcc/arm-none-eabi/12.3.1/thumb/v7e-m+fp/hard\libgcc.a
LOAD C:/ST/STM32CubeIDE_1.16.0/STM32CubeIDE/plugins/com.st.stm32cube.ide.mcu.externaltools.gnu-tools-for-stm32.12.3.rel1.win32_1.0.200.202406191623/tools/bin/../lib/gcc/arm-none-eabi/12.3.1/../../../../arm-none-eabi/lib/thumb/v7e-m+fp/hard\libc_nano.a
END GROUP
START GROUP
LOAD C:/ST/STM32CubeIDE_1.16.0/STM32CubeIDE/plugins/com.st.stm32cube.ide.mcu.externaltools.gnu-tools-for-stm32.12.3.rel1.win32_1.0.200.202406191623/tools/bin/../lib/gcc/arm-none-eabi/12.3.1/thumb/v7e-m+fp/hard\libgcc.a
LOAD C:/ST/STM32CubeIDE_1.16.0/STM32CubeIDE/plugins/com.st.stm32cube.ide.mcu.externaltools.gnu-tools-for-stm32.12.3.rel1.win32_1.0.200.202406191623/tools/bin/../lib/gcc/arm-none-eabi/12.3.1/../../../../arm-none-eabi/lib/thumb/v7e-m+fp/hard\libc_nano.a
LOAD C:/ST/STM32CubeIDE_1.16.0/STM32CubeIDE/plugins/com.st.stm32cube.ide.mcu.externaltools.gnu-tools-for-stm32.12.3.rel1.win32_1.0.200.202406191623/tools/bin/../lib/gcc/arm-none-eabi/12.3.1/../../../../arm-none-eabi/lib/thumb/v7e-m+fp/hard\libnosys.a
END GROUP
START GROUP
LOAD C:/ST/STM32CubeIDE_1.16.0/STM32CubeIDE/plugins/com.st.stm32cube.ide.mcu.externaltools.gnu-tools-for-stm32.12.3.rel1.win32_1.0.200.202406191623/tools/bin/../lib/gcc/arm-none-eabi/12.3.1/thumb/v7e-m+fp/hard\libgcc.a
LOAD C:/ST/STM32CubeIDE_1.16.0/STM32CubeIDE/plugins/com.st.stm32cube.ide.mcu.externaltools.gnu-tools-for-stm32.12.3.rel1.win32_1.0.200.202406191623/tools/bin/../lib/gcc/arm-none-eabi/12.3.1/../../../../arm-none-eabi/lib/thumb/v7e-m+fp/hard\libc_nano.a
LOAD C:/ST/STM32CubeIDE_1.16.0/STM32CubeIDE/plugins/com.st.stm32cube.ide.mcu.externaltools.gnu-tools-for-stm32.12.3.rel1.win32_1.0.200.202406191623/tools/bin/../lib/gcc/arm-none-eabi/12.3.1/../../../../arm-none-eabi/lib/thumb/v7e-m+fp/hard\libnosys.a
END GROUP
LOAD C:/ST/STM32CubeIDE_1.16.0/STM32CubeIDE/plugins/com.st.stm32cube.ide.mcu.externaltools.gnu-tools-for-stm32.12.3.rel1.win32_1.0.200.202406191623/tools/bin/../lib/gcc/arm-none-eabi/12.3.1/thumb/v7e-m+fp/hard/crtend.o
LOAD C:/ST/STM32CubeIDE_1.16.0/STM32CubeIDE/plugins/com.st.stm32cube.ide.mcu.externaltools.gnu-tools-for-stm32.12.3.rel1.win32_1.0.200.202406191623/tools/bin/../lib/gcc/arm-none-eabi/12.3.1/thumb/v7e-m+fp/hard/crtn.o
                0x20020000                        _estack = (ORIGIN (RAM) + LENGTH (RAM))
                0x00000200                        _Min_Heap_Size = 0x200
                0x00000400                        _Min_Stack_Size = 0x400

.isr_vector     0x08000000      0x188
                0x08000000                        . = ALIGN (0x4)
 *(.isr_vector)
 .isr_vector    0x08000000      0x188 ./Core/Startup/startup_stm32f407vgtx.o
                0x08000000                g_pfnVectors
                0x08000188                        . = ALIGN (0x4)

.text           0x08000190     0x5bd8
                0x08000190                        . = ALIGN (0x4)
 *(.text)
 .text          0x08000190       0x40 C:/ST/STM32CubeIDE_1.16.0/STM32CubeIDE/plugins/com.st.stm32cube.ide.mcu.externaltools.gnu-tools-for-stm32.12.3.rel1.win32_1.0.200.202406191623/tools/bin/../lib/gcc/arm-none-eabi/12.3.1/thumb/v7e-m+fp/hard/crtbegin.o
 .text          0x080001d0      0x378 C:/ST/STM32CubeIDE_1.16.0/STM32CubeIDE/plugins/com.st.stm32cube.ide.mcu.externaltools.gnu-tools-for-stm32.12.3.rel1.win32_1.0.200.202406191623/tools/bin/../lib/gcc/arm-none-eabi/12.3.1/thumb/v7e-m+fp/hard\libgcc.a(_arm_addsubdf3.o)
                0x080001d0                __aeabi_drsub
                0x080001d8                __aeabi_dsub
                0x080001d8                __subdf3
                0x080001dc                __aeabi_dadd
                0x080001dc                __adddf3
                0x08000454                __floatunsidf
                0x08000454                __aeabi_ui2d
                0x08000474                __floatsidf
                0x08000474                __aeabi_i2d
                0x08000498                __aeabi_f2d
                0x08000498                __extendsfdf2
                0x080004dc                __floatundidf
                0x080004dc                __aeabi_ul2d
                0x080004ec                __floatdidf
                0x080004ec                __aeabi_l2d
 .text          0x08000548      0x424 C:/ST/STM32CubeIDE_1.16.0/STM32CubeIDE/plugins/com.st.stm32cube.ide.mcu.externaltools.gnu-tools-for-stm32.12.3.rel1.win32_1.0.200.202406191623/tools/bin/../lib/gcc/arm-none-eabi/12.3.1/thumb/v7e-m+fp/hard\libgcc.a(_arm_muldivdf3.o)
                0x08000548                __aeabi_dmul
                0x08000548                __muldf3
                0x0800079c                __divdf3
                0x0800079c                __aeabi_ddiv
 .text          0x0800096c       0xa0 C:/ST/STM32CubeIDE_1.16.0/STM32CubeIDE/plugins/com.st.stm32cube.ide.mcu.externaltools.gnu-tools-for-stm32.12.3.rel1.win32_1.0.200.202406191623/tools/bin/../lib/gcc/arm-none-eabi/12.3.1/thumb/v7e-m+fp/hard\libgcc.a(_arm_truncdfsf2.o)
                0x0800096c                __truncdfsf2
                0x0800096c                __aeabi_d2f
 .text          0x08000a0c       0x30 C:/ST/STM32CubeIDE_1.16.0/STM32CubeIDE/plugins/com.st.stm32cube.ide.mcu.externaltools.gnu-tools-for-stm32.12.3.rel1.win32_1.0.200.202406191623/tools/bin/../lib/gcc/arm-none-eabi/12.3.1/thumb/v7e-m+fp/hard\libgcc.a(_aeabi_uldivmod.o)
                0x08000a0c                __aeabi_uldivmod
 .text          0x08000a3c      0x2bc C:/ST/STM32CubeIDE_1.16.0/STM32CubeIDE/plugins/com.st.stm32cube.ide.mcu.externaltools.gnu-tools-for-stm32.12.3.rel1.win32_1.0.200.202406191623/tools/bin/../lib/gcc/arm-none-eabi/12.3.1/thumb/v7e-m+fp/hard\libgcc.a(_udivmoddi4.o)
                0x08000a3c                __udivmoddi4
 .text          0x08000cf8        0x4 C:/ST/STM32CubeIDE_1.16.0/STM32CubeIDE/plugins/com.st.stm32cube.ide.mcu.externaltools.gnu-tools-for-stm32.12.3.rel1.win32_1.0.200.202406191623/tools/bin/../lib/gcc/arm-none-eabi/12.3.1/thumb/v7e-m+fp/hard\libgcc.a(_dvmd_tls.o)
                0x08000cf8                __aeabi_idiv0
                0x08000cf8                __aeabi_ldiv0
 *(.text*)
 .text.main     0x08000cfc       0x98 ./Core/Src/main.o
                0x08000cfc                main
 .text.MPU6050_Init
                0x08000d94       0x94 ./Core/Src/main.o
                0x08000d94                MPU6050_Init
 .text.MPU6050_Read_Accel
                0x08000e28       0xd4 ./Core/Src/main.o
                0x08000e28                MPU6050_Read_Accel
 .text.UpdateLEDs
                0x08000efc       0xe0 ./Core/Src/main.o
                0x08000efc                UpdateLEDs
 .text.task_mpu6050_read
                0x08000fdc       0x28 ./Core/Src/main.o
 .text.task_led_update
                0x08001004       0x40 ./Core/Src/main.o
 .text.SystemClock_Config
                0x08001044       0xbc ./Core/Src/main.o
                0x08001044                SystemClock_Config
 .text.MX_GPIO_Init
                0x08001100       0xa0 ./Core/Src/main.o
 .text.I2C_Config
                0x080011a0       0x84 ./Core/Src/main.o
 .text.HAL_TIM_PeriodElapsedCallback
                0x08001224       0x24 ./Core/Src/main.o
                0x08001224                HAL_TIM_PeriodElapsedCallback
 .text.Error_Handler
                0x08001248        0xc ./Core/Src/main.o
                0x08001248                Error_Handler
 .text.HAL_MspInit
                0x08001254       0x50 ./Core/Src/stm32f4xx_hal_msp.o
                0x08001254                HAL_MspInit
 .text.HAL_I2C_MspInit
                0x080012a4       0x90 ./Core/Src/stm32f4xx_hal_msp.o
                0x080012a4                HAL_I2C_MspInit
 .text.HAL_InitTick
                0x08001334       0xf8 ./Core/Src/stm32f4xx_hal_timebase_tim.o
                0x08001334                HAL_InitTick
 .text.NMI_Handler
                0x0800142c        0x8 ./Core/Src/stm32f4xx_it.o
                0x0800142c                NMI_Handler
 .text.HardFault_Handler
                0x08001434        0x8 ./Core/Src/stm32f4xx_it.o
                0x08001434                HardFault_Handler
 .text.MemManage_Handler
                0x0800143c        0x8 ./Core/Src/stm32f4xx_it.o
                0x0800143c                MemManage_Handler
 .text.BusFault_Handler
                0x08001444        0x8 ./Core/Src/stm32f4xx_it.o
                0x08001444                BusFault_Handler
 .text.UsageFault_Handler
                0x0800144c        0x8 ./Core/Src/stm32f4xx_it.o
                0x0800144c                UsageFault_Handler
 .text.DebugMon_Handler
                0x08001454        0xe ./Core/Src/stm32f4xx_it.o
                0x08001454                DebugMon_Handler
 *fill*         0x08001462        0x2 
 .text.TIM5_IRQHandler
                0x08001464       0x14 ./Core/Src/stm32f4xx_it.o
                0x08001464                TIM5_IRQHandler
 .text.SystemInit
                0x08001478       0x24 ./Core/Src/system_stm32f4xx.o
                0x08001478                SystemInit
 .text.Reset_Handler
                0x0800149c       0x50 ./Core/Startup/startup_stm32f407vgtx.o
                0x0800149c                Reset_Handler
 .text.Default_Handler
                0x080014ec        0x2 ./Core/Startup/startup_stm32f407vgtx.o
                0x080014ec                RTC_Alarm_IRQHandler
                0x080014ec                HASH_RNG_IRQHandler
                0x080014ec                EXTI2_IRQHandler
                0x080014ec                TIM8_CC_IRQHandler
                0x080014ec                TIM1_CC_IRQHandler
                0x080014ec                DMA2_Stream5_IRQHandler
                0x080014ec                DMA1_Stream5_IRQHandler
                0x080014ec                PVD_IRQHandler
                0x080014ec                SDIO_IRQHandler
                0x080014ec                TAMP_STAMP_IRQHandler
                0x080014ec                CAN2_RX1_IRQHandler
                0x080014ec                EXTI3_IRQHandler
                0x080014ec                TIM8_TRG_COM_TIM14_IRQHandler
                0x080014ec                TIM1_UP_TIM10_IRQHandler
                0x080014ec                TIM8_UP_TIM13_IRQHandler
                0x080014ec                I2C3_ER_IRQHandler
                0x080014ec                EXTI0_IRQHandler
                0x080014ec                I2C2_EV_IRQHandler
                0x080014ec                DMA1_Stream2_IRQHandler
                0x080014ec                CAN1_RX0_IRQHandler
                0x080014ec                FPU_IRQHandler
                0x080014ec                OTG_HS_WKUP_IRQHandler
                0x080014ec                CAN2_SCE_IRQHandler
                0x080014ec                DMA2_Stream2_IRQHandler
                0x080014ec                SPI1_IRQHandler
                0x080014ec                TIM6_DAC_IRQHandler
                0x080014ec                TIM1_BRK_TIM9_IRQHandler
                0x080014ec                DCMI_IRQHandler
                0x080014ec                CAN2_RX0_IRQHandler
                0x080014ec                DMA2_Stream3_IRQHandler
                0x080014ec                USART6_IRQHandler
                0x080014ec                USART3_IRQHandler
                0x080014ec                CAN1_RX1_IRQHandler
                0x080014ec                UART5_IRQHandler
                0x080014ec                DMA2_Stream0_IRQHandler
                0x080014ec                TIM4_IRQHandler
                0x080014ec                I2C1_EV_IRQHandler
                0x080014ec                DMA1_Stream6_IRQHandler
                0x080014ec                DMA1_Stream1_IRQHandler
                0x080014ec                UART4_IRQHandler
                0x080014ec                TIM3_IRQHandler
                0x080014ec                RCC_IRQHandler
                0x080014ec                TIM8_BRK_TIM12_IRQHandler
                0x080014ec                Default_Handler
                0x080014ec                EXTI15_10_IRQHandler
                0x080014ec                ADC_IRQHandler
                0x080014ec                DMA1_Stream7_IRQHandler
                0x080014ec                TIM7_IRQHandler
                0x080014ec                CAN2_TX_IRQHandler
                0x080014ec                DMA2_Stream7_IRQHandler
                0x080014ec                I2C3_EV_IRQHandler
                0x080014ec                EXTI9_5_IRQHandler
                0x080014ec                RTC_WKUP_IRQHandler
                0x080014ec                ETH_WKUP_IRQHandler
                0x080014ec                SPI2_IRQHandler
                0x080014ec                OTG_HS_EP1_IN_IRQHandler
                0x080014ec                DMA1_Stream0_IRQHandler
                0x080014ec                CAN1_TX_IRQHandler
                0x080014ec                EXTI4_IRQHandler
                0x080014ec                FSMC_IRQHandler
                0x080014ec                ETH_IRQHandler
                0x080014ec                OTG_HS_EP1_OUT_IRQHandler
                0x080014ec                WWDG_IRQHandler
                0x080014ec                TIM2_IRQHandler
                0x080014ec                OTG_FS_WKUP_IRQHandler
                0x080014ec                TIM1_TRG_COM_TIM11_IRQHandler
                0x080014ec                OTG_HS_IRQHandler
                0x080014ec                EXTI1_IRQHandler
                0x080014ec                USART2_IRQHandler
                0x080014ec                I2C2_ER_IRQHandler
                0x080014ec                DMA2_Stream1_IRQHandler
                0x080014ec                CAN1_SCE_IRQHandler
                0x080014ec                FLASH_IRQHandler
                0x080014ec                DMA2_Stream4_IRQHandler
                0x080014ec                USART1_IRQHandler
                0x080014ec                OTG_FS_IRQHandler
                0x080014ec                SPI3_IRQHandler
                0x080014ec                DMA1_Stream4_IRQHandler
                0x080014ec                I2C1_ER_IRQHandler
                0x080014ec                DMA2_Stream6_IRQHandler
                0x080014ec                DMA1_Stream3_IRQHandler
 *fill*         0x080014ee        0x2 
 .text.HAL_Init
                0x080014f0       0x44 ./Drivers/STM32F4xx_HAL_Driver/Src/stm32f4xx_hal.o
                0x080014f0                HAL_Init
 .text.HAL_IncTick
                0x08001534       0x28 ./Drivers/STM32F4xx_HAL_Driver/Src/stm32f4xx_hal.o
                0x08001534                HAL_IncTick
 .text.HAL_GetTick
                0x0800155c       0x18 ./Drivers/STM32F4xx_HAL_Driver/Src/stm32f4xx_hal.o
                0x0800155c                HAL_GetTick
 .text.HAL_Delay
                0x08001574       0x48 ./Drivers/STM32F4xx_HAL_Driver/Src/stm32f4xx_hal.o
                0x08001574                HAL_Delay
 .text.__NVIC_SetPriorityGrouping
                0x080015bc       0x48 ./Drivers/STM32F4xx_HAL_Driver/Src/stm32f4xx_hal_cortex.o
 .text.__NVIC_GetPriorityGrouping
                0x08001604       0x1c ./Drivers/STM32F4xx_HAL_Driver/Src/stm32f4xx_hal_cortex.o
 .text.__NVIC_EnableIRQ
                0x08001620       0x3c ./Drivers/STM32F4xx_HAL_Driver/Src/stm32f4xx_hal_cortex.o
 .text.__NVIC_SetPriority
                0x0800165c       0x54 ./Drivers/STM32F4xx_HAL_Driver/Src/stm32f4xx_hal_cortex.o
 .text.NVIC_EncodePriority
                0x080016b0       0x66 ./Drivers/STM32F4xx_HAL_Driver/Src/stm32f4xx_hal_cortex.o
 .text.HAL_NVIC_SetPriorityGrouping
                0x08001716       0x16 ./Drivers/STM32F4xx_HAL_Driver/Src/stm32f4xx_hal_cortex.o
                0x08001716                HAL_NVIC_SetPriorityGrouping
 .text.HAL_NVIC_SetPriority
                0x0800172c       0x38 ./Drivers/STM32F4xx_HAL_Driver/Src/stm32f4xx_hal_cortex.o
                0x0800172c                HAL_NVIC_SetPriority
 .text.HAL_NVIC_EnableIRQ
                0x08001764       0x1c ./Drivers/STM32F4xx_HAL_Driver/Src/stm32f4xx_hal_cortex.o
                0x08001764                HAL_NVIC_EnableIRQ
 .text.HAL_GPIO_Init
                0x08001780      0x338 ./Drivers/STM32F4xx_HAL_Driver/Src/stm32f4xx_hal_gpio.o
                0x08001780                HAL_GPIO_Init
 .text.HAL_GPIO_WritePin
                0x08001ab8       0x32 ./Drivers/STM32F4xx_HAL_Driver/Src/stm32f4xx_hal_gpio.o
                0x08001ab8                HAL_GPIO_WritePin
 .text.HAL_GPIO_TogglePin
                0x08001aea       0x34 ./Drivers/STM32F4xx_HAL_Driver/Src/stm32f4xx_hal_gpio.o
                0x08001aea                HAL_GPIO_TogglePin
 *fill*         0x08001b1e        0x2 
 .text.HAL_I2C_Init
                0x08001b20      0x288 ./Drivers/STM32F4xx_HAL_Driver/Src/stm32f4xx_hal_i2c.o
                0x08001b20                HAL_I2C_Init
 .text.HAL_I2C_Mem_Write
                0x08001da8      0x1f4 ./Drivers/STM32F4xx_HAL_Driver/Src/stm32f4xx_hal_i2c.o
                0x08001da8                HAL_I2C_Mem_Write
 .text.HAL_I2C_Mem_Read
                0x08001f9c      0x464 ./Drivers/STM32F4xx_HAL_Driver/Src/stm32f4xx_hal_i2c.o
                0x08001f9c                HAL_I2C_Mem_Read
 .text.I2C_RequestMemoryWrite
                0x08002400      0x12c ./Drivers/STM32F4xx_HAL_Driver/Src/stm32f4xx_hal_i2c.o
 .text.I2C_RequestMemoryRead
                0x0800252c      0x1d0 ./Drivers/STM32F4xx_HAL_Driver/Src/stm32f4xx_hal_i2c.o
 .text.I2C_WaitOnFlagUntilTimeout
                0x080026fc       0xf4 ./Drivers/STM32F4xx_HAL_Driver/Src/stm32f4xx_hal_i2c.o
 .text.I2C_WaitOnMasterAddressFlagUntilTimeout
                0x080027f0      0x140 ./Drivers/STM32F4xx_HAL_Driver/Src/stm32f4xx_hal_i2c.o
 .text.I2C_WaitOnTXEFlagUntilTimeout
                0x08002930       0x90 ./Drivers/STM32F4xx_HAL_Driver/Src/stm32f4xx_hal_i2c.o
 .text.I2C_WaitOnBTFFlagUntilTimeout
                0x080029c0       0x90 ./Drivers/STM32F4xx_HAL_Driver/Src/stm32f4xx_hal_i2c.o
 .text.I2C_WaitOnRXNEFlagUntilTimeout
                0x08002a50       0xba ./Drivers/STM32F4xx_HAL_Driver/Src/stm32f4xx_hal_i2c.o
 .text.I2C_IsAcknowledgeFailed
                0x08002b0a       0x5e ./Drivers/STM32F4xx_HAL_Driver/Src/stm32f4xx_hal_i2c.o
 .text.HAL_RCC_OscConfig
                0x08002b68      0x4f0 ./Drivers/STM32F4xx_HAL_Driver/Src/stm32f4xx_hal_rcc.o
                0x08002b68                HAL_RCC_OscConfig
 .text.HAL_RCC_ClockConfig
                0x08003058      0x1cc ./Drivers/STM32F4xx_HAL_Driver/Src/stm32f4xx_hal_rcc.o
                0x08003058                HAL_RCC_ClockConfig
 .text.HAL_RCC_GetSysClockFreq
                0x08003224      0x18c ./Drivers/STM32F4xx_HAL_Driver/Src/stm32f4xx_hal_rcc.o
                0x08003224                HAL_RCC_GetSysClockFreq
 .text.HAL_RCC_GetHCLKFreq
                0x080033b0       0x18 ./Drivers/STM32F4xx_HAL_Driver/Src/stm32f4xx_hal_rcc.o
                0x080033b0                HAL_RCC_GetHCLKFreq
 .text.HAL_RCC_GetPCLK1Freq
                0x080033c8       0x28 ./Drivers/STM32F4xx_HAL_Driver/Src/stm32f4xx_hal_rcc.o
                0x080033c8                HAL_RCC_GetPCLK1Freq
 .text.HAL_RCC_GetClockConfig
                0x080033f0       0x64 ./Drivers/STM32F4xx_HAL_Driver/Src/stm32f4xx_hal_rcc.o
                0x080033f0                HAL_RCC_GetClockConfig
 .text.HAL_TIM_Base_Init
                0x08003454       0x9e ./Drivers/STM32F4xx_HAL_Driver/Src/stm32f4xx_hal_tim.o
                0x08003454                HAL_TIM_Base_Init
 .text.HAL_TIM_Base_MspInit
                0x080034f2       0x14 ./Drivers/STM32F4xx_HAL_Driver/Src/stm32f4xx_hal_tim.o
                0x080034f2                HAL_TIM_Base_MspInit
 *fill*         0x08003506        0x2 
 .text.HAL_TIM_Base_Start_IT
                0x08003508       0xe0 ./Drivers/STM32F4xx_HAL_Driver/Src/stm32f4xx_hal_tim.o
                0x08003508                HAL_TIM_Base_Start_IT
 .text.HAL_TIM_IRQHandler
                0x080035e8      0x1e0 ./Drivers/STM32F4xx_HAL_Driver/Src/stm32f4xx_hal_tim.o
                0x080035e8                HAL_TIM_IRQHandler
 .text.HAL_TIM_OC_DelayElapsedCallback
                0x080037c8       0x14 ./Drivers/STM32F4xx_HAL_Driver/Src/stm32f4xx_hal_tim.o
                0x080037c8                HAL_TIM_OC_DelayElapsedCallback
 .text.HAL_TIM_IC_CaptureCallback
                0x080037dc       0x14 ./Drivers/STM32F4xx_HAL_Driver/Src/stm32f4xx_hal_tim.o
                0x080037dc                HAL_TIM_IC_CaptureCallback
 .text.HAL_TIM_PWM_PulseFinishedCallback
                0x080037f0       0x14 ./Drivers/STM32F4xx_HAL_Driver/Src/stm32f4xx_hal_tim.o
                0x080037f0                HAL_TIM_PWM_PulseFinishedCallback
 .text.HAL_TIM_TriggerCallback
                0x08003804       0x14 ./Drivers/STM32F4xx_HAL_Driver/Src/stm32f4xx_hal_tim.o
                0x08003804                HAL_TIM_TriggerCallback
 .text.TIM_Base_SetConfig
                0x08003818      0x158 ./Drivers/STM32F4xx_HAL_Driver/Src/stm32f4xx_hal_tim.o
                0x08003818                TIM_Base_SetConfig
 .text.HAL_TIMEx_CommutCallback
                0x08003970       0x14 ./Drivers/STM32F4xx_HAL_Driver/Src/stm32f4xx_hal_tim_ex.o
                0x08003970                HAL_TIMEx_CommutCallback
 .text.HAL_TIMEx_BreakCallback
                0x08003984       0x14 ./Drivers/STM32F4xx_HAL_Driver/Src/stm32f4xx_hal_tim_ex.o
                0x08003984                HAL_TIMEx_BreakCallback
 .text.vListInitialise
                0x08003998       0x40 ./thirdparty/FreeRTOS/Source/list.o
                0x08003998                vListInitialise
 .text.vListInitialiseItem
                0x080039d8       0x1a ./thirdparty/FreeRTOS/Source/list.o
                0x080039d8                vListInitialiseItem
 .text.vListInsert
                0x080039f2       0x72 ./thirdparty/FreeRTOS/Source/list.o
                0x080039f2                vListInsert
 .text.uxListRemove
                0x08003a64       0x54 ./thirdparty/FreeRTOS/Source/list.o
                0x08003a64                uxListRemove
 .text.xQueueGenericReset
                0x08003ab8      0x124 ./thirdparty/FreeRTOS/Source/queue.o
                0x08003ab8                xQueueGenericReset
 .text.xQueueGenericCreate
                0x08003bdc       0x9e ./thirdparty/FreeRTOS/Source/queue.o
                0x08003bdc                xQueueGenericCreate
 .text.prvInitialiseNewQueue
                0x08003c7a       0x46 ./thirdparty/FreeRTOS/Source/queue.o
 .text.xQueueReceive
                0x08003cc0      0x1c4 ./thirdparty/FreeRTOS/Source/queue.o
                0x08003cc0                xQueueReceive
 .text.prvCopyDataFromQueue
                0x08003e84       0x4c ./thirdparty/FreeRTOS/Source/queue.o
 .text.prvUnlockQueue
                0x08003ed0       0xa4 ./thirdparty/FreeRTOS/Source/queue.o
 .text.prvIsQueueEmpty
                0x08003f74       0x2c ./thirdparty/FreeRTOS/Source/queue.o
 .text.vQueueAddToRegistry
                0x08003fa0       0xa0 ./thirdparty/FreeRTOS/Source/queue.o
                0x08003fa0                vQueueAddToRegistry
 .text.vQueueWaitForMessageRestricted
                0x08004040       0x68 ./thirdparty/FreeRTOS/Source/queue.o
                0x08004040                vQueueWaitForMessageRestricted
 .text.xTaskCreate
                0x080040a8       0x8c ./thirdparty/FreeRTOS/Source/tasks.o
                0x080040a8                xTaskCreate
 .text.prvInitialiseNewTask
                0x08004134      0x120 ./thirdparty/FreeRTOS/Source/tasks.o
 .text.prvAddNewTaskToReadyList
                0x08004254      0x12c ./thirdparty/FreeRTOS/Source/tasks.o
 .text.vTaskDelay
                0x08004380       0x6c ./thirdparty/FreeRTOS/Source/tasks.o
                0x08004380                vTaskDelay
 .text.vTaskStartScheduler
                0x080043ec       0xa4 ./thirdparty/FreeRTOS/Source/tasks.o
                0x080043ec                vTaskStartScheduler
 .text.vTaskSuspendAll
                0x08004490       0x1c ./thirdparty/FreeRTOS/Source/tasks.o
                0x08004490                vTaskSuspendAll
 .text.xTaskResumeAll
                0x080044ac      0x1f8 ./thirdparty/FreeRTOS/Source/tasks.o
                0x080044ac                xTaskResumeAll
 .text.xTaskGetTickCount
                0x080046a4       0x20 ./thirdparty/FreeRTOS/Source/tasks.o
                0x080046a4                xTaskGetTickCount
 .text.xTaskIncrementTick
                0x080046c4      0x230 ./thirdparty/FreeRTOS/Source/tasks.o
                0x080046c4                xTaskIncrementTick
 .text.vTaskSwitchContext
                0x080048f4       0xb8 ./thirdparty/FreeRTOS/Source/tasks.o
                0x080048f4                vTaskSwitchContext
 .text.vTaskPlaceOnEventList
                0x080049ac       0x4c ./thirdparty/FreeRTOS/Source/tasks.o
                0x080049ac                vTaskPlaceOnEventList
 .text.vTaskPlaceOnEventListRestricted
                0x080049f8       0x8c ./thirdparty/FreeRTOS/Source/tasks.o
                0x080049f8                vTaskPlaceOnEventListRestricted
 .text.xTaskRemoveFromEventList
                0x08004a84      0x1b0 ./thirdparty/FreeRTOS/Source/tasks.o
                0x08004a84                xTaskRemoveFromEventList
 .text.vTaskInternalSetTimeOutState
                0x08004c34       0x2c ./thirdparty/FreeRTOS/Source/tasks.o
                0x08004c34                vTaskInternalSetTimeOutState
 .text.xTaskCheckForTimeOut
                0x08004c60       0xd0 ./thirdparty/FreeRTOS/Source/tasks.o
                0x08004c60                xTaskCheckForTimeOut
 .text.vTaskMissedYield
                0x08004d30       0x18 ./thirdparty/FreeRTOS/Source/tasks.o
                0x08004d30                vTaskMissedYield
 .text.prvIdleTask
                0x08004d48       0x30 ./thirdparty/FreeRTOS/Source/tasks.o
 .text.prvInitialiseTaskLists
                0x08004d78       0x80 ./thirdparty/FreeRTOS/Source/tasks.o
 .text.prvCheckTasksWaitingTermination
                0x08004df8       0x5c ./thirdparty/FreeRTOS/Source/tasks.o
 .text.prvDeleteTCB
                0x08004e54       0x20 ./thirdparty/FreeRTOS/Source/tasks.o
 .text.prvResetNextTaskUnblockTime
                0x08004e74       0x38 ./thirdparty/FreeRTOS/Source/tasks.o
 .text.xTaskGetSchedulerState
                0x08004eac       0x3c ./thirdparty/FreeRTOS/Source/tasks.o
                0x08004eac                xTaskGetSchedulerState
 .text.prvAddCurrentTaskToDelayedList
                0x08004ee8      0x100 ./thirdparty/FreeRTOS/Source/tasks.o
 .text.xTimerCreateTimerTask
                0x08004fe8       0x68 ./thirdparty/FreeRTOS/Source/timers.o
                0x08004fe8                xTimerCreateTimerTask
 .text.prvReloadTimer
                0x08005050       0x42 ./thirdparty/FreeRTOS/Source/timers.o
 *fill*         0x08005092        0x2 
 .text.prvProcessExpiredTimer
                0x08005094       0x60 ./thirdparty/FreeRTOS/Source/timers.o
 .text.prvTimerTask
                0x080050f4       0x26 ./thirdparty/FreeRTOS/Source/timers.o
 *fill*         0x0800511a        0x2 
 .text.prvProcessTimerOrBlockTask
                0x0800511c       0x9c ./thirdparty/FreeRTOS/Source/timers.o
 .text.prvGetNextExpireTime
                0x080051b8       0x48 ./thirdparty/FreeRTOS/Source/timers.o
 .text.prvSampleTimeNow
                0x08005200       0x40 ./thirdparty/FreeRTOS/Source/timers.o
 .text.prvInsertTimerInActiveList
                0x08005240       0x84 ./thirdparty/FreeRTOS/Source/timers.o
 .text.prvProcessReceivedCommands
                0x080052c4      0x184 ./thirdparty/FreeRTOS/Source/timers.o
 .text.prvSwitchTimerLists
                0x08005448       0x4c ./thirdparty/FreeRTOS/Source/timers.o
 .text.prvCheckForValidListAndQueue
                0x08005494       0x6c ./thirdparty/FreeRTOS/Source/timers.o
 .text.pxPortInitialiseStack
                0x08005500       0x68 ./thirdparty/FreeRTOS/Source/portable/GCC/ARM_CM4F/port.o
                0x08005500                pxPortInitialiseStack
 .text.prvTaskExitError
                0x08005568       0x5c ./thirdparty/FreeRTOS/Source/portable/GCC/ARM_CM4F/port.o
 *fill*         0x080055c4        0xc 
 .text.SVC_Handler
                0x080055d0       0x28 ./thirdparty/FreeRTOS/Source/portable/GCC/ARM_CM4F/port.o
                0x080055d0                SVC_Handler
 .text.prvPortStartFirstTask
                0x080055f8       0x2c ./thirdparty/FreeRTOS/Source/portable/GCC/ARM_CM4F/port.o
 .text.xPortStartScheduler
                0x08005624      0x148 ./thirdparty/FreeRTOS/Source/portable/GCC/ARM_CM4F/port.o
                0x08005624                xPortStartScheduler
 .text.vPortEnterCritical
                0x0800576c       0x64 ./thirdparty/FreeRTOS/Source/portable/GCC/ARM_CM4F/port.o
                0x0800576c                vPortEnterCritical
 .text.vPortExitCritical
                0x080057d0       0x54 ./thirdparty/FreeRTOS/Source/portable/GCC/ARM_CM4F/port.o
                0x080057d0                vPortExitCritical
 *fill*         0x08005824        0xc 
 .text.PendSV_Handler
                0x08005830       0x68 ./thirdparty/FreeRTOS/Source/portable/GCC/ARM_CM4F/port.o
                0x08005830                PendSV_Handler
 .text.SysTick_Handler
                0x08005898       0x44 ./thirdparty/FreeRTOS/Source/portable/GCC/ARM_CM4F/port.o
                0x08005898                SysTick_Handler
 .text.vPortSetupTimerInterrupt
                0x080058dc       0x48 ./thirdparty/FreeRTOS/Source/portable/GCC/ARM_CM4F/port.o
                0x080058dc                vPortSetupTimerInterrupt
 .text.vPortEnableVFP
                0x08005924       0x18 ./thirdparty/FreeRTOS/Source/portable/GCC/ARM_CM4F/port.o
 .text.pvPortMalloc
                0x0800593c      0x178 ./thirdparty/FreeRTOS/Source/portable/MemMang/heap_4.o
                0x0800593c                pvPortMalloc
 .text.vPortFree
                0x08005ab4       0xbc ./thirdparty/FreeRTOS/Source/portable/MemMang/heap_4.o
                0x08005ab4                vPortFree
 .text.prvHeapInit
                0x08005b70       0xb8 ./thirdparty/FreeRTOS/Source/portable/MemMang/heap_4.o
 .text.prvInsertBlockIntoFreeList
                0x08005c28       0xb4 ./thirdparty/FreeRTOS/Source/portable/MemMang/heap_4.o
 .text.memset   0x08005cdc       0x10 C:/ST/STM32CubeIDE_1.16.0/STM32CubeIDE/plugins/com.st.stm32cube.ide.mcu.externaltools.gnu-tools-for-stm32.12.3.rel1.win32_1.0.200.202406191623/tools/bin/../lib/gcc/arm-none-eabi/12.3.1/../../../../arm-none-eabi/lib/thumb/v7e-m+fp/hard\libc_nano.a(libc_a-memset.o)
                0x08005cdc                memset
 .text.__libc_init_array
                0x08005cec       0x48 C:/ST/STM32CubeIDE_1.16.0/STM32CubeIDE/plugins/com.st.stm32cube.ide.mcu.externaltools.gnu-tools-for-stm32.12.3.rel1.win32_1.0.200.202406191623/tools/bin/../lib/gcc/arm-none-eabi/12.3.1/../../../../arm-none-eabi/lib/thumb/v7e-m+fp/hard\libc_nano.a(libc_a-init.o)
                0x08005cec                __libc_init_array
 .text.memcpy   0x08005d34       0x1c C:/ST/STM32CubeIDE_1.16.0/STM32CubeIDE/plugins/com.st.stm32cube.ide.mcu.externaltools.gnu-tools-for-stm32.12.3.rel1.win32_1.0.200.202406191623/tools/bin/../lib/gcc/arm-none-eabi/12.3.1/../../../../arm-none-eabi/lib/thumb/v7e-m+fp/hard\libc_nano.a(libc_a-memcpy-stub.o)
                0x08005d34                memcpy
 *(.glue_7)
 .glue_7        0x08005d50        0x0 linker stubs
 *(.glue_7t)
 .glue_7t       0x08005d50        0x0 linker stubs
 *(.eh_frame)
 .eh_frame      0x08005d50        0x0 C:/ST/STM32CubeIDE_1.16.0/STM32CubeIDE/plugins/com.st.stm32cube.ide.mcu.externaltools.gnu-tools-for-stm32.12.3.rel1.win32_1.0.200.202406191623/tools/bin/../lib/gcc/arm-none-eabi/12.3.1/thumb/v7e-m+fp/hard/crtbegin.o
 *(.init)
 .init          0x08005d50        0x4 C:/ST/STM32CubeIDE_1.16.0/STM32CubeIDE/plugins/com.st.stm32cube.ide.mcu.externaltools.gnu-tools-for-stm32.12.3.rel1.win32_1.0.200.202406191623/tools/bin/../lib/gcc/arm-none-eabi/12.3.1/thumb/v7e-m+fp/hard/crti.o
                0x08005d50                _init
 .init          0x08005d54        0x8 C:/ST/STM32CubeIDE_1.16.0/STM32CubeIDE/plugins/com.st.stm32cube.ide.mcu.externaltools.gnu-tools-for-stm32.12.3.rel1.win32_1.0.200.202406191623/tools/bin/../lib/gcc/arm-none-eabi/12.3.1/thumb/v7e-m+fp/hard/crtn.o
 *(.fini)
 .fini          0x08005d5c        0x4 C:/ST/STM32CubeIDE_1.16.0/STM32CubeIDE/plugins/com.st.stm32cube.ide.mcu.externaltools.gnu-tools-for-stm32.12.3.rel1.win32_1.0.200.202406191623/tools/bin/../lib/gcc/arm-none-eabi/12.3.1/thumb/v7e-m+fp/hard/crti.o
                0x08005d5c                _fini
 .fini          0x08005d60        0x8 C:/ST/STM32CubeIDE_1.16.0/STM32CubeIDE/plugins/com.st.stm32cube.ide.mcu.externaltools.gnu-tools-for-stm32.12.3.rel1.win32_1.0.200.202406191623/tools/bin/../lib/gcc/arm-none-eabi/12.3.1/thumb/v7e-m+fp/hard/crtn.o
                0x08005d68                        . = ALIGN (0x4)
                0x08005d68                        _etext = .

.vfp11_veneer   0x08005d68        0x0
 .vfp11_veneer  0x08005d68        0x0 linker stubs

.v4_bx          0x08005d68        0x0
 .v4_bx         0x08005d68        0x0 linker stubs

.iplt           0x08005d68        0x0
 .iplt          0x08005d68        0x0 C:/ST/STM32CubeIDE_1.16.0/STM32CubeIDE/plugins/com.st.stm32cube.ide.mcu.externaltools.gnu-tools-for-stm32.12.3.rel1.win32_1.0.200.202406191623/tools/bin/../lib/gcc/arm-none-eabi/12.3.1/thumb/v7e-m+fp/hard/crtbegin.o

.rodata         0x08005d68       0x4c
                0x08005d68                        . = ALIGN (0x4)
 *(.rodata)
 .rodata        0x08005d68       0x1b ./Core/Src/main.o
 *fill*         0x08005d83        0x1 
 .rodata        0x08005d84        0x5 ./thirdparty/FreeRTOS/Source/tasks.o
 *fill*         0x08005d89        0x3 
 .rodata        0x08005d8c        0xd ./thirdparty/FreeRTOS/Source/timers.o
 *(.rodata*)
 *fill*         0x08005d99        0x3 
 .rodata.AHBPrescTable
                0x08005d9c       0x10 ./Core/Src/system_stm32f4xx.o
                0x08005d9c                AHBPrescTable
 .rodata.APBPrescTable
                0x08005dac        0x8 ./Core/Src/system_stm32f4xx.o
                0x08005dac                APBPrescTable
                0x08005db4                        . = ALIGN (0x4)

.ARM.extab      0x08005db4        0x0
                0x08005db4                        . = ALIGN (0x4)
 *(.ARM.extab* .gnu.linkonce.armextab.*)
                0x08005db4                        . = ALIGN (0x4)

.ARM            0x08005db4        0x8
                0x08005db4                        . = ALIGN (0x4)
                0x08005db4                        __exidx_start = .
 *(.ARM.exidx*)
 .ARM.exidx     0x08005db4        0x8 C:/ST/STM32CubeIDE_1.16.0/STM32CubeIDE/plugins/com.st.stm32cube.ide.mcu.externaltools.gnu-tools-for-stm32.12.3.rel1.win32_1.0.200.202406191623/tools/bin/../lib/gcc/arm-none-eabi/12.3.1/thumb/v7e-m+fp/hard\libgcc.a(_udivmoddi4.o)
                0x08005dbc                        __exidx_end = .
                0x08005dbc                        . = ALIGN (0x4)

.preinit_array  0x08005dbc        0x0
                0x08005dbc                        . = ALIGN (0x4)
                0x08005dbc                        PROVIDE (__preinit_array_start = .)
 *(.preinit_array*)
                0x08005dbc                        PROVIDE (__preinit_array_end = .)
                0x08005dbc                        . = ALIGN (0x4)

.init_array     0x08005dbc        0x4
                0x08005dbc                        . = ALIGN (0x4)
                0x08005dbc                        PROVIDE (__init_array_start = .)
 *(SORT_BY_NAME(.init_array.*))
 *(.init_array*)
 .init_array    0x08005dbc        0x4 C:/ST/STM32CubeIDE_1.16.0/STM32CubeIDE/plugins/com.st.stm32cube.ide.mcu.externaltools.gnu-tools-for-stm32.12.3.rel1.win32_1.0.200.202406191623/tools/bin/../lib/gcc/arm-none-eabi/12.3.1/thumb/v7e-m+fp/hard/crtbegin.o
                0x08005dc0                        PROVIDE (__init_array_end = .)
                0x08005dc0                        . = ALIGN (0x4)

.fini_array     0x08005dc0        0x4
                0x08005dc0                        . = ALIGN (0x4)
                [!provide]                        PROVIDE (__fini_array_start = .)
 *(SORT_BY_NAME(.fini_array.*))
 *(.fini_array*)
 .fini_array    0x08005dc0        0x4 C:/ST/STM32CubeIDE_1.16.0/STM32CubeIDE/plugins/com.st.stm32cube.ide.mcu.externaltools.gnu-tools-for-stm32.12.3.rel1.win32_1.0.200.202406191623/tools/bin/../lib/gcc/arm-none-eabi/12.3.1/thumb/v7e-m+fp/hard/crtbegin.o
                [!provide]                        PROVIDE (__fini_array_end = .)
                0x08005dc4                        . = ALIGN (0x4)
                0x08005dc4                        _sidata = LOADADDR (.data)

.rel.dyn        0x08005dc4        0x0
 .rel.iplt      0x08005dc4        0x0 C:/ST/STM32CubeIDE_1.16.0/STM32CubeIDE/plugins/com.st.stm32cube.ide.mcu.externaltools.gnu-tools-for-stm32.12.3.rel1.win32_1.0.200.202406191623/tools/bin/../lib/gcc/arm-none-eabi/12.3.1/thumb/v7e-m+fp/hard/crtbegin.o

.data           0x20000000       0x14 load address 0x08005dc4
                0x20000000                        . = ALIGN (0x4)
                0x20000000                        _sdata = .
 *(.data)
 *(.data*)
 .data.SystemCoreClock
                0x20000000        0x4 ./Core/Src/system_stm32f4xx.o
                0x20000000                SystemCoreClock
 .data.uwTickPrio
                0x20000004        0x4 ./Drivers/STM32F4xx_HAL_Driver/Src/stm32f4xx_hal.o
                0x20000004                uwTickPrio
 .data.uwTickFreq
                0x20000008        0x1 ./Drivers/STM32F4xx_HAL_Driver/Src/stm32f4xx_hal.o
                0x20000008                uwTickFreq
 *fill*         0x20000009        0x3 
 .data.uxTopUsedPriority
                0x2000000c        0x4 ./thirdparty/FreeRTOS/Source/tasks.o
                0x2000000c                uxTopUsedPriority
 .data.uxCriticalNesting
                0x20000010        0x4 ./thirdparty/FreeRTOS/Source/portable/GCC/ARM_CM4F/port.o
 *(.RamFunc)
 *(.RamFunc*)
                0x20000014                        . = ALIGN (0x4)
                0x20000014                        _edata = .
                0x08005dd8                        _siccmram = LOADADDR (.ccmram)

.igot.plt       0x20000014        0x0 load address 0x08005dd8
 .igot.plt      0x20000014        0x0 C:/ST/STM32CubeIDE_1.16.0/STM32CubeIDE/plugins/com.st.stm32cube.ide.mcu.externaltools.gnu-tools-for-stm32.12.3.rel1.win32_1.0.200.202406191623/tools/bin/../lib/gcc/arm-none-eabi/12.3.1/thumb/v7e-m+fp/hard/crtbegin.o

.ccmram         0x10000000        0x0 load address 0x08005dd8
                0x10000000                        . = ALIGN (0x4)
                0x10000000                        _sccmram = .
 *(.ccmram)
 *(.ccmram*)
                0x10000000                        . = ALIGN (0x4)
                0x10000000                        _eccmram = .
                0x10000000                        . = ALIGN (0x4)

.bss            0x20000014     0xfa6c
                0x20000014                        _sbss = .
                0x20000014                        __bss_start__ = _sbss
 *(.bss)
 .bss           0x20000014       0x1c C:/ST/STM32CubeIDE_1.16.0/STM32CubeIDE/plugins/com.st.stm32cube.ide.mcu.externaltools.gnu-tools-for-stm32.12.3.rel1.win32_1.0.200.202406191623/tools/bin/../lib/gcc/arm-none-eabi/12.3.1/thumb/v7e-m+fp/hard/crtbegin.o
 *(.bss*)
 .bss.hi2c1     0x20000030       0x54 ./Core/Src/main.o
                0x20000030                hi2c1
 .bss.ax        0x20000084        0x4 ./Core/Src/main.o
                0x20000084                ax
 .bss.ay        0x20000088        0x4 ./Core/Src/main.o
                0x20000088                ay
 .bss.az        0x2000008c        0x4 ./Core/Src/main.o
                0x2000008c                az
 .bss.htim5     0x20000090       0x48 ./Core/Src/stm32f4xx_hal_timebase_tim.o
                0x20000090                htim5
 .bss.uwTick    0x200000d8        0x4 ./Drivers/STM32F4xx_HAL_Driver/Src/stm32f4xx_hal.o
                0x200000d8                uwTick
 .bss.xQueueRegistry
                0x200000dc       0x40 ./thirdparty/FreeRTOS/Source/queue.o
                0x200000dc                xQueueRegistry
 .bss.pxCurrentTCB
                0x2000011c        0x4 ./thirdparty/FreeRTOS/Source/tasks.o
                0x2000011c                pxCurrentTCB
 .bss.pxReadyTasksLists
                0x20000120       0x64 ./thirdparty/FreeRTOS/Source/tasks.o
 .bss.xDelayedTaskList1
                0x20000184       0x14 ./thirdparty/FreeRTOS/Source/tasks.o
 .bss.xDelayedTaskList2
                0x20000198       0x14 ./thirdparty/FreeRTOS/Source/tasks.o
 .bss.pxDelayedTaskList
                0x200001ac        0x4 ./thirdparty/FreeRTOS/Source/tasks.o
 .bss.pxOverflowDelayedTaskList
                0x200001b0        0x4 ./thirdparty/FreeRTOS/Source/tasks.o
 .bss.xPendingReadyList
                0x200001b4       0x14 ./thirdparty/FreeRTOS/Source/tasks.o
 .bss.xTasksWaitingTermination
                0x200001c8       0x14 ./thirdparty/FreeRTOS/Source/tasks.o
 .bss.uxDeletedTasksWaitingCleanUp
                0x200001dc        0x4 ./thirdparty/FreeRTOS/Source/tasks.o
 .bss.xSuspendedTaskList
                0x200001e0       0x14 ./thirdparty/FreeRTOS/Source/tasks.o
 .bss.uxCurrentNumberOfTasks
                0x200001f4        0x4 ./thirdparty/FreeRTOS/Source/tasks.o
 .bss.xTickCount
                0x200001f8        0x4 ./thirdparty/FreeRTOS/Source/tasks.o
 .bss.uxTopReadyPriority
                0x200001fc        0x4 ./thirdparty/FreeRTOS/Source/tasks.o
 .bss.xSchedulerRunning
                0x20000200        0x4 ./thirdparty/FreeRTOS/Source/tasks.o
 .bss.xPendedTicks
                0x20000204        0x4 ./thirdparty/FreeRTOS/Source/tasks.o
 .bss.xYieldPending
                0x20000208        0x4 ./thirdparty/FreeRTOS/Source/tasks.o
 .bss.xNumOfOverflows
                0x2000020c        0x4 ./thirdparty/FreeRTOS/Source/tasks.o
 .bss.uxTaskNumber
                0x20000210        0x4 ./thirdparty/FreeRTOS/Source/tasks.o
 .bss.xNextTaskUnblockTime
                0x20000214        0x4 ./thirdparty/FreeRTOS/Source/tasks.o
 .bss.xIdleTaskHandle
                0x20000218        0x4 ./thirdparty/FreeRTOS/Source/tasks.o
 .bss.uxSchedulerSuspended
                0x2000021c        0x4 ./thirdparty/FreeRTOS/Source/tasks.o
 .bss.xActiveTimerList1
                0x20000220       0x14 ./thirdparty/FreeRTOS/Source/timers.o
 .bss.xActiveTimerList2
                0x20000234       0x14 ./thirdparty/FreeRTOS/Source/timers.o
 .bss.pxCurrentTimerList
                0x20000248        0x4 ./thirdparty/FreeRTOS/Source/timers.o
 .bss.pxOverflowTimerList
                0x2000024c        0x4 ./thirdparty/FreeRTOS/Source/timers.o
 .bss.xTimerQueue
                0x20000250        0x4 ./thirdparty/FreeRTOS/Source/timers.o
 .bss.xTimerTaskHandle
                0x20000254        0x4 ./thirdparty/FreeRTOS/Source/timers.o
 .bss.xLastTime.0
                0x20000258        0x4 ./thirdparty/FreeRTOS/Source/timers.o
 .bss.ucMaxSysCallPriority
                0x2000025c        0x1 ./thirdparty/FreeRTOS/Source/portable/GCC/ARM_CM4F/port.o
 *fill*         0x2000025d        0x3 
 .bss.ulMaxPRIGROUPValue
                0x20000260        0x4 ./thirdparty/FreeRTOS/Source/portable/GCC/ARM_CM4F/port.o
 .bss.ucHeap    0x20000264     0xf800 ./thirdparty/FreeRTOS/Source/portable/MemMang/heap_4.o
 .bss.xStart    0x2000fa64        0x8 ./thirdparty/FreeRTOS/Source/portable/MemMang/heap_4.o
 .bss.pxEnd     0x2000fa6c        0x4 ./thirdparty/FreeRTOS/Source/portable/MemMang/heap_4.o
 .bss.xFreeBytesRemaining
                0x2000fa70        0x4 ./thirdparty/FreeRTOS/Source/portable/MemMang/heap_4.o
 .bss.xMinimumEverFreeBytesRemaining
                0x2000fa74        0x4 ./thirdparty/FreeRTOS/Source/portable/MemMang/heap_4.o
 .bss.xNumberOfSuccessfulAllocations
                0x2000fa78        0x4 ./thirdparty/FreeRTOS/Source/portable/MemMang/heap_4.o
 .bss.xNumberOfSuccessfulFrees
                0x2000fa7c        0x4 ./thirdparty/FreeRTOS/Source/portable/MemMang/heap_4.o
 *(COMMON)
                0x2000fa80                        . = ALIGN (0x4)
                0x2000fa80                        _ebss = .
                0x2000fa80                        __bss_end__ = _ebss

._user_heap_stack
                0x2000fa80      0x600
                0x2000fa80                        . = ALIGN (0x8)
                [!provide]                        PROVIDE (end = .)
                0x2000fa80                        PROVIDE (_end = .)
                0x2000fc80                        . = (. + _Min_Heap_Size)
 *fill*         0x2000fa80      0x200 
                0x20010080                        . = (. + _Min_Stack_Size)
 *fill*         0x2000fc80      0x400 
                0x20010080                        . = ALIGN (0x8)

/DISCARD/
 libc.a(*)
 libm.a(*)
 libgcc.a(*)

.ARM.attributes
                0x00000000       0x30
 *(.ARM.attributes)
 .ARM.attributes
                0x00000000       0x22 C:/ST/STM32CubeIDE_1.16.0/STM32CubeIDE/plugins/com.st.stm32cube.ide.mcu.externaltools.gnu-tools-for-stm32.12.3.rel1.win32_1.0.200.202406191623/tools/bin/../lib/gcc/arm-none-eabi/12.3.1/thumb/v7e-m+fp/hard/crti.o
 .ARM.attributes
                0x00000022       0x34 C:/ST/STM32CubeIDE_1.16.0/STM32CubeIDE/plugins/com.st.stm32cube.ide.mcu.externaltools.gnu-tools-for-stm32.12.3.rel1.win32_1.0.200.202406191623/tools/bin/../lib/gcc/arm-none-eabi/12.3.1/thumb/v7e-m+fp/hard/crtbegin.o
 .ARM.attributes
                0x00000056       0x34 ./Core/Src/main.o
 .ARM.attributes
                0x0000008a       0x34 ./Core/Src/stm32f4xx_hal_msp.o
 .ARM.attributes
                0x000000be       0x34 ./Core/Src/stm32f4xx_hal_timebase_tim.o
 .ARM.attributes
                0x000000f2       0x34 ./Core/Src/stm32f4xx_it.o
 .ARM.attributes
                0x00000126       0x34 ./Core/Src/system_stm32f4xx.o
 .ARM.attributes
                0x0000015a       0x21 ./Core/Startup/startup_stm32f407vgtx.o
 .ARM.attributes
                0x0000017b       0x34 ./Drivers/STM32F4xx_HAL_Driver/Src/stm32f4xx_hal.o
 .ARM.attributes
                0x000001af       0x34 ./Drivers/STM32F4xx_HAL_Driver/Src/stm32f4xx_hal_cortex.o
 .ARM.attributes
                0x000001e3       0x34 ./Drivers/STM32F4xx_HAL_Driver/Src/stm32f4xx_hal_gpio.o
 .ARM.attributes
                0x00000217       0x34 ./Drivers/STM32F4xx_HAL_Driver/Src/stm32f4xx_hal_i2c.o
 .ARM.attributes
                0x0000024b       0x34 ./Drivers/STM32F4xx_HAL_Driver/Src/stm32f4xx_hal_rcc.o
 .ARM.attributes
                0x0000027f       0x34 ./Drivers/STM32F4xx_HAL_Driver/Src/stm32f4xx_hal_tim.o
 .ARM.attributes
                0x000002b3       0x34 ./Drivers/STM32F4xx_HAL_Driver/Src/stm32f4xx_hal_tim_ex.o
 .ARM.attributes
                0x000002e7       0x34 ./thirdparty/FreeRTOS/Source/list.o
 .ARM.attributes
                0x0000031b       0x34 ./thirdparty/FreeRTOS/Source/queue.o
 .ARM.attributes
                0x0000034f       0x34 ./thirdparty/FreeRTOS/Source/tasks.o
 .ARM.attributes
                0x00000383       0x34 ./thirdparty/FreeRTOS/Source/timers.o
 .ARM.attributes
                0x000003b7       0x34 ./thirdparty/FreeRTOS/Source/portable/GCC/ARM_CM4F/port.o
 .ARM.attributes
                0x000003eb       0x34 ./thirdparty/FreeRTOS/Source/portable/MemMang/heap_4.o
 .ARM.attributes
                0x0000041f       0x34 C:/ST/STM32CubeIDE_1.16.0/STM32CubeIDE/plugins/com.st.stm32cube.ide.mcu.externaltools.gnu-tools-for-stm32.12.3.rel1.win32_1.0.200.202406191623/tools/bin/../lib/gcc/arm-none-eabi/12.3.1/../../../../arm-none-eabi/lib/thumb/v7e-m+fp/hard\libc_nano.a(libc_a-memset.o)
 .ARM.attributes
                0x00000453       0x34 C:/ST/STM32CubeIDE_1.16.0/STM32CubeIDE/plugins/com.st.stm32cube.ide.mcu.externaltools.gnu-tools-for-stm32.12.3.rel1.win32_1.0.200.202406191623/tools/bin/../lib/gcc/arm-none-eabi/12.3.1/../../../../arm-none-eabi/lib/thumb/v7e-m+fp/hard\libc_nano.a(libc_a-init.o)
 .ARM.attributes
                0x00000487       0x34 C:/ST/STM32CubeIDE_1.16.0/STM32CubeIDE/plugins/com.st.stm32cube.ide.mcu.externaltools.gnu-tools-for-stm32.12.3.rel1.win32_1.0.200.202406191623/tools/bin/../lib/gcc/arm-none-eabi/12.3.1/../../../../arm-none-eabi/lib/thumb/v7e-m+fp/hard\libc_nano.a(libc_a-memcpy-stub.o)
 .ARM.attributes
                0x000004bb       0x22 C:/ST/STM32CubeIDE_1.16.0/STM32CubeIDE/plugins/com.st.stm32cube.ide.mcu.externaltools.gnu-tools-for-stm32.12.3.rel1.win32_1.0.200.202406191623/tools/bin/../lib/gcc/arm-none-eabi/12.3.1/thumb/v7e-m+fp/hard\libgcc.a(_arm_addsubdf3.o)
 .ARM.attributes
                0x000004dd       0x22 C:/ST/STM32CubeIDE_1.16.0/STM32CubeIDE/plugins/com.st.stm32cube.ide.mcu.externaltools.gnu-tools-for-stm32.12.3.rel1.win32_1.0.200.202406191623/tools/bin/../lib/gcc/arm-none-eabi/12.3.1/thumb/v7e-m+fp/hard\libgcc.a(_arm_muldivdf3.o)
 .ARM.attributes
                0x000004ff       0x22 C:/ST/STM32CubeIDE_1.16.0/STM32CubeIDE/plugins/com.st.stm32cube.ide.mcu.externaltools.gnu-tools-for-stm32.12.3.rel1.win32_1.0.200.202406191623/tools/bin/../lib/gcc/arm-none-eabi/12.3.1/thumb/v7e-m+fp/hard\libgcc.a(_arm_truncdfsf2.o)
 .ARM.attributes
                0x00000521       0x22 C:/ST/STM32CubeIDE_1.16.0/STM32CubeIDE/plugins/com.st.stm32cube.ide.mcu.externaltools.gnu-tools-for-stm32.12.3.rel1.win32_1.0.200.202406191623/tools/bin/../lib/gcc/arm-none-eabi/12.3.1/thumb/v7e-m+fp/hard\libgcc.a(_aeabi_uldivmod.o)
 .ARM.attributes
                0x00000543       0x34 C:/ST/STM32CubeIDE_1.16.0/STM32CubeIDE/plugins/com.st.stm32cube.ide.mcu.externaltools.gnu-tools-for-stm32.12.3.rel1.win32_1.0.200.202406191623/tools/bin/../lib/gcc/arm-none-eabi/12.3.1/thumb/v7e-m+fp/hard\libgcc.a(_udivmoddi4.o)
 .ARM.attributes
                0x00000577       0x22 C:/ST/STM32CubeIDE_1.16.0/STM32CubeIDE/plugins/com.st.stm32cube.ide.mcu.externaltools.gnu-tools-for-stm32.12.3.rel1.win32_1.0.200.202406191623/tools/bin/../lib/gcc/arm-none-eabi/12.3.1/thumb/v7e-m+fp/hard\libgcc.a(_dvmd_tls.o)
 .ARM.attributes
                0x00000599       0x22 C:/ST/STM32CubeIDE_1.16.0/STM32CubeIDE/plugins/com.st.stm32cube.ide.mcu.externaltools.gnu-tools-for-stm32.12.3.rel1.win32_1.0.200.202406191623/tools/bin/../lib/gcc/arm-none-eabi/12.3.1/thumb/v7e-m+fp/hard/crtn.o
OUTPUT(Self_i2c.elf elf32-littlearm)
LOAD linker stubs
LOAD C:/ST/STM32CubeIDE_1.16.0/STM32CubeIDE/plugins/com.st.stm32cube.ide.mcu.externaltools.gnu-tools-for-stm32.12.3.rel1.win32_1.0.200.202406191623/tools/bin/../lib/gcc/arm-none-eabi/12.3.1/../../../../arm-none-eabi/lib/thumb/v7e-m+fp/hard\libc.a
LOAD C:/ST/STM32CubeIDE_1.16.0/STM32CubeIDE/plugins/com.st.stm32cube.ide.mcu.externaltools.gnu-tools-for-stm32.12.3.rel1.win32_1.0.200.202406191623/tools/bin/../lib/gcc/arm-none-eabi/12.3.1/../../../../arm-none-eabi/lib/thumb/v7e-m+fp/hard\libm.a
LOAD C:/ST/STM32CubeIDE_1.16.0/STM32CubeIDE/plugins/com.st.stm32cube.ide.mcu.externaltools.gnu-tools-for-stm32.12.3.rel1.win32_1.0.200.202406191623/tools/bin/../lib/gcc/arm-none-eabi/12.3.1/thumb/v7e-m+fp/hard\libgcc.a

.debug_info     0x00000000    0x11330
 .debug_info    0x00000000     0x1264 ./Core/Src/main.o
 .debug_info    0x00001264      0x934 ./Core/Src/stm32f4xx_hal_msp.o
 .debug_info    0x00001b98      0xbee ./Core/Src/stm32f4xx_hal_timebase_tim.o
 .debug_info    0x00002786      0x6ab ./Core/Src/stm32f4xx_it.o
 .debug_info    0x00002e31      0x512 ./Core/Src/system_stm32f4xx.o
 .debug_info    0x00003343       0x30 ./Core/Startup/startup_stm32f407vgtx.o
 .debug_info    0x00003373      0x944 ./Drivers/STM32F4xx_HAL_Driver/Src/stm32f4xx_hal.o
 .debug_info    0x00003cb7      0xd57 ./Drivers/STM32F4xx_HAL_Driver/Src/stm32f4xx_hal_cortex.o
 .debug_info    0x00004a0e      0x6c3 ./Drivers/STM32F4xx_HAL_Driver/Src/stm32f4xx_hal_gpio.o
 .debug_info    0x000050d1     0x2415 ./Drivers/STM32F4xx_HAL_Driver/Src/stm32f4xx_hal_i2c.o
 .debug_info    0x000074e6      0x8b1 ./Drivers/STM32F4xx_HAL_Driver/Src/stm32f4xx_hal_rcc.o
 .debug_info    0x00007d97     0x299d ./Drivers/STM32F4xx_HAL_Driver/Src/stm32f4xx_hal_tim.o
 .debug_info    0x0000a734     0x14db ./Drivers/STM32F4xx_HAL_Driver/Src/stm32f4xx_hal_tim_ex.o
 .debug_info    0x0000bc0f      0x2af ./thirdparty/FreeRTOS/Source/list.o
 .debug_info    0x0000bebe     0x184f ./thirdparty/FreeRTOS/Source/queue.o
 .debug_info    0x0000d70d     0x2401 ./thirdparty/FreeRTOS/Source/tasks.o
 .debug_info    0x0000fb0e      0xe20 ./thirdparty/FreeRTOS/Source/timers.o
 .debug_info    0x0001092e      0x4e1 ./thirdparty/FreeRTOS/Source/portable/GCC/ARM_CM4F/port.o
 .debug_info    0x00010e0f      0x521 ./thirdparty/FreeRTOS/Source/portable/MemMang/heap_4.o

.debug_abbrev   0x00000000     0x29dc
 .debug_abbrev  0x00000000      0x309 ./Core/Src/main.o
 .debug_abbrev  0x00000309      0x1a5 ./Core/Src/stm32f4xx_hal_msp.o
 .debug_abbrev  0x000004ae      0x1f4 ./Core/Src/stm32f4xx_hal_timebase_tim.o
 .debug_abbrev  0x000006a2      0x17d ./Core/Src/stm32f4xx_it.o
 .debug_abbrev  0x0000081f      0x11a ./Core/Src/system_stm32f4xx.o
 .debug_abbrev  0x00000939       0x24 ./Core/Startup/startup_stm32f407vgtx.o
 .debug_abbrev  0x0000095d      0x214 ./Drivers/STM32F4xx_HAL_Driver/Src/stm32f4xx_hal.o
 .debug_abbrev  0x00000b71      0x328 ./Drivers/STM32F4xx_HAL_Driver/Src/stm32f4xx_hal_cortex.o
 .debug_abbrev  0x00000e99      0x1d4 ./Drivers/STM32F4xx_HAL_Driver/Src/stm32f4xx_hal_gpio.o
 .debug_abbrev  0x0000106d      0x2ad ./Drivers/STM32F4xx_HAL_Driver/Src/stm32f4xx_hal_i2c.o
 .debug_abbrev  0x0000131a      0x2b6 ./Drivers/STM32F4xx_HAL_Driver/Src/stm32f4xx_hal_rcc.o
 .debug_abbrev  0x000015d0      0x278 ./Drivers/STM32F4xx_HAL_Driver/Src/stm32f4xx_hal_tim.o
 .debug_abbrev  0x00001848      0x283 ./Drivers/STM32F4xx_HAL_Driver/Src/stm32f4xx_hal_tim_ex.o
 .debug_abbrev  0x00001acb       0xf5 ./thirdparty/FreeRTOS/Source/list.o
 .debug_abbrev  0x00001bc0      0x323 ./thirdparty/FreeRTOS/Source/queue.o
 .debug_abbrev  0x00001ee3      0x37e ./thirdparty/FreeRTOS/Source/tasks.o
 .debug_abbrev  0x00002261      0x2cb ./thirdparty/FreeRTOS/Source/timers.o
 .debug_abbrev  0x0000252c      0x25a ./thirdparty/FreeRTOS/Source/portable/GCC/ARM_CM4F/port.o
 .debug_abbrev  0x00002786      0x256 ./thirdparty/FreeRTOS/Source/portable/MemMang/heap_4.o

.debug_aranges  0x00000000     0x1170
 .debug_aranges
                0x00000000       0x70 ./Core/Src/main.o
 .debug_aranges
                0x00000070       0x30 ./Core/Src/stm32f4xx_hal_msp.o
 .debug_aranges
                0x000000a0       0x30 ./Core/Src/stm32f4xx_hal_timebase_tim.o
 .debug_aranges
                0x000000d0       0x50 ./Core/Src/stm32f4xx_it.o
 .debug_aranges
                0x00000120       0x28 ./Core/Src/system_stm32f4xx.o
 .debug_aranges
                0x00000148       0x28 ./Core/Startup/startup_stm32f407vgtx.o
 .debug_aranges
                0x00000170       0xf0 ./Drivers/STM32F4xx_HAL_Driver/Src/stm32f4xx_hal.o
 .debug_aranges
                0x00000260      0x120 ./Drivers/STM32F4xx_HAL_Driver/Src/stm32f4xx_hal_cortex.o
 .debug_aranges
                0x00000380       0x58 ./Drivers/STM32F4xx_HAL_Driver/Src/stm32f4xx_hal_gpio.o
 .debug_aranges
                0x000003d8      0x2a8 ./Drivers/STM32F4xx_HAL_Driver/Src/stm32f4xx_hal_i2c.o
 .debug_aranges
                0x00000680       0x88 ./Drivers/STM32F4xx_HAL_Driver/Src/stm32f4xx_hal_rcc.o
 .debug_aranges
                0x00000708      0x3d0 ./Drivers/STM32F4xx_HAL_Driver/Src/stm32f4xx_hal_tim.o
 .debug_aranges
                0x00000ad8      0x168 ./Drivers/STM32F4xx_HAL_Driver/Src/stm32f4xx_hal_tim_ex.o
 .debug_aranges
                0x00000c40       0x40 ./thirdparty/FreeRTOS/Source/list.o
 .debug_aranges
                0x00000c80      0x130 ./thirdparty/FreeRTOS/Source/queue.o
 .debug_aranges
                0x00000db0      0x1f8 ./thirdparty/FreeRTOS/Source/tasks.o
 .debug_aranges
                0x00000fa8       0xe8 ./thirdparty/FreeRTOS/Source/timers.o
 .debug_aranges
                0x00001090       0x80 ./thirdparty/FreeRTOS/Source/portable/GCC/ARM_CM4F/port.o
 .debug_aranges
                0x00001110       0x60 ./thirdparty/FreeRTOS/Source/portable/MemMang/heap_4.o

.debug_rnglists
                0x00000000      0xda1
 .debug_rnglists
                0x00000000       0x56 ./Core/Src/main.o
 .debug_rnglists
                0x00000056       0x20 ./Core/Src/stm32f4xx_hal_msp.o
 .debug_rnglists
                0x00000076       0x20 ./Core/Src/stm32f4xx_hal_timebase_tim.o
 .debug_rnglists
                0x00000096       0x37 ./Core/Src/stm32f4xx_it.o
 .debug_rnglists
                0x000000cd       0x1a ./Core/Src/system_stm32f4xx.o
 .debug_rnglists
                0x000000e7       0x19 ./Core/Startup/startup_stm32f407vgtx.o
 .debug_rnglists
                0x00000100       0xaf ./Drivers/STM32F4xx_HAL_Driver/Src/stm32f4xx_hal.o
 .debug_rnglists
                0x000001af       0xd4 ./Drivers/STM32F4xx_HAL_Driver/Src/stm32f4xx_hal_cortex.o
 .debug_rnglists
                0x00000283       0x3f ./Drivers/STM32F4xx_HAL_Driver/Src/stm32f4xx_hal_gpio.o
 .debug_rnglists
                0x000002c2      0x23c ./Drivers/STM32F4xx_HAL_Driver/Src/stm32f4xx_hal_i2c.o
 .debug_rnglists
                0x000004fe       0x66 ./Drivers/STM32F4xx_HAL_Driver/Src/stm32f4xx_hal_rcc.o
 .debug_rnglists
                0x00000564      0x31a ./Drivers/STM32F4xx_HAL_Driver/Src/stm32f4xx_hal_tim.o
 .debug_rnglists
                0x0000087e      0x125 ./Drivers/STM32F4xx_HAL_Driver/Src/stm32f4xx_hal_tim_ex.o
 .debug_rnglists
                0x000009a3       0x2b ./thirdparty/FreeRTOS/Source/list.o
 .debug_rnglists
                0x000009ce       0xec ./thirdparty/FreeRTOS/Source/queue.o
 .debug_rnglists
                0x00000aba      0x195 ./thirdparty/FreeRTOS/Source/tasks.o
 .debug_rnglists
                0x00000c4f       0xad ./thirdparty/FreeRTOS/Source/timers.o
 .debug_rnglists
                0x00000cfc       0x5d ./thirdparty/FreeRTOS/Source/portable/GCC/ARM_CM4F/port.o
 .debug_rnglists
                0x00000d59       0x48 ./thirdparty/FreeRTOS/Source/portable/MemMang/heap_4.o

.debug_macro    0x00000000    0x2255e
 .debug_macro   0x00000000      0x339 ./Core/Src/main.o
 .debug_macro   0x00000339      0xab4 ./Core/Src/main.o
 .debug_macro   0x00000ded      0x29b ./Core/Src/main.o
 .debug_macro   0x00001088       0x2e ./Core/Src/main.o
 .debug_macro   0x000010b6       0x2f ./Core/Src/main.o
 .debug_macro   0x000010e5       0x22 ./Core/Src/main.o
 .debug_macro   0x00001107       0x8e ./Core/Src/main.o
 .debug_macro   0x00001195       0x51 ./Core/Src/main.o
 .debug_macro   0x000011e6      0x103 ./Core/Src/main.o
 .debug_macro   0x000012e9       0x6a ./Core/Src/main.o
 .debug_macro   0x00001353      0x1df ./Core/Src/main.o
 .debug_macro   0x00001532       0x1c ./Core/Src/main.o
 .debug_macro   0x0000154e       0x22 ./Core/Src/main.o
 .debug_macro   0x00001570       0xfb ./Core/Src/main.o
 .debug_macro   0x0000166b     0x1011 ./Core/Src/main.o
 .debug_macro   0x0000267c      0x11f ./Core/Src/main.o
 .debug_macro   0x0000279b    0x15e97 ./Core/Src/main.o
 .debug_macro   0x00018632       0x6d ./Core/Src/main.o
 .debug_macro   0x0001869f     0x368c ./Core/Src/main.o
 .debug_macro   0x0001bd2b      0x189 ./Core/Src/main.o
 .debug_macro   0x0001beb4       0x5c ./Core/Src/main.o
 .debug_macro   0x0001bf10      0x980 ./Core/Src/main.o
 .debug_macro   0x0001c890      0x9e9 ./Core/Src/main.o
 .debug_macro   0x0001d279      0x115 ./Core/Src/main.o
 .debug_macro   0x0001d38e      0x13e ./Core/Src/main.o
 .debug_macro   0x0001d4cc       0xa5 ./Core/Src/main.o
 .debug_macro   0x0001d571      0x174 ./Core/Src/main.o
 .debug_macro   0x0001d6e5      0x287 ./Core/Src/main.o
 .debug_macro   0x0001d96c       0x5f ./Core/Src/main.o
 .debug_macro   0x0001d9cb      0x236 ./Core/Src/main.o
 .debug_macro   0x0001dc01      0x12c ./Core/Src/main.o
 .debug_macro   0x0001dd2d      0x21e ./Core/Src/main.o
 .debug_macro   0x0001df4b       0x2e ./Core/Src/main.o
 .debug_macro   0x0001df79      0x1b5 ./Core/Src/main.o
 .debug_macro   0x0001e12e       0xd6 ./Core/Src/main.o
 .debug_macro   0x0001e204      0x127 ./Core/Src/main.o
 .debug_macro   0x0001e32b       0x7e ./Core/Src/main.o
 .debug_macro   0x0001e3a9       0x89 ./Core/Src/main.o
 .debug_macro   0x0001e432      0x8ed ./Core/Src/main.o
 .debug_macro   0x0001ed1f       0x4d ./Core/Src/main.o
 .debug_macro   0x0001ed6c      0x12d ./Core/Src/main.o
 .debug_macro   0x0001ee99       0x61 ./Core/Src/main.o
 .debug_macro   0x0001eefa       0x2a ./Core/Src/main.o
 .debug_macro   0x0001ef24       0x43 ./Core/Src/main.o
 .debug_macro   0x0001ef67       0x34 ./Core/Src/main.o
 .debug_macro   0x0001ef9b       0x16 ./Core/Src/main.o
 .debug_macro   0x0001efb1       0x35 ./Core/Src/main.o
 .debug_macro   0x0001efe6      0x369 ./Core/Src/main.o
 .debug_macro   0x0001f34f       0x10 ./Core/Src/main.o
 .debug_macro   0x0001f35f       0x16 ./Core/Src/main.o
 .debug_macro   0x0001f375       0x43 ./Core/Src/main.o
 .debug_macro   0x0001f3b8       0x34 ./Core/Src/main.o
 .debug_macro   0x0001f3ec       0x10 ./Core/Src/main.o
 .debug_macro   0x0001f3fc       0x58 ./Core/Src/main.o
 .debug_macro   0x0001f454       0x8e ./Core/Src/main.o
 .debug_macro   0x0001f4e2       0x1c ./Core/Src/main.o
 .debug_macro   0x0001f4fe      0x177 ./Core/Src/main.o
 .debug_macro   0x0001f675       0x16 ./Core/Src/main.o
 .debug_macro   0x0001f68b       0x16 ./Core/Src/main.o
 .debug_macro   0x0001f6a1      0x146 ./Core/Src/main.o
 .debug_macro   0x0001f7e7      0x100 ./Core/Src/main.o
 .debug_macro   0x0001f8e7      0x15a ./Core/Src/main.o
 .debug_macro   0x0001fa41       0xea ./Core/Src/main.o
 .debug_macro   0x0001fb2b       0x28 ./Core/Src/main.o
 .debug_macro   0x0001fb53       0x1f ./Core/Src/main.o
 .debug_macro   0x0001fb72       0x12 ./Core/Src/main.o
 .debug_macro   0x0001fb84      0x526 ./Core/Src/main.o
 .debug_macro   0x000200aa       0xc3 ./Core/Src/main.o
 .debug_macro   0x0002016d      0x120 ./Core/Src/main.o
 .debug_macro   0x0002028d      0x1e8 ./Core/Src/stm32f4xx_hal_msp.o
 .debug_macro   0x00020475      0x1de ./Core/Src/stm32f4xx_hal_timebase_tim.o
 .debug_macro   0x00020653      0x1f2 ./Core/Src/stm32f4xx_it.o
 .debug_macro   0x00020845      0x1de ./Core/Src/system_stm32f4xx.o
 .debug_macro   0x00020a23      0x23e ./Drivers/STM32F4xx_HAL_Driver/Src/stm32f4xx_hal.o
 .debug_macro   0x00020c61      0x1de ./Drivers/STM32F4xx_HAL_Driver/Src/stm32f4xx_hal_cortex.o
 .debug_macro   0x00020e3f      0x1e4 ./Drivers/STM32F4xx_HAL_Driver/Src/stm32f4xx_hal_gpio.o
 .debug_macro   0x00021023      0x22c ./Drivers/STM32F4xx_HAL_Driver/Src/stm32f4xx_hal_i2c.o
 .debug_macro   0x0002124f      0x202 ./Drivers/STM32F4xx_HAL_Driver/Src/stm32f4xx_hal_rcc.o
 .debug_macro   0x00021451      0x1df ./Drivers/STM32F4xx_HAL_Driver/Src/stm32f4xx_hal_tim.o
 .debug_macro   0x00021630      0x1de ./Drivers/STM32F4xx_HAL_Driver/Src/stm32f4xx_hal_tim_ex.o
 .debug_macro   0x0002180e      0x198 ./thirdparty/FreeRTOS/Source/list.o
 .debug_macro   0x000219a6      0x22f ./thirdparty/FreeRTOS/Source/queue.o
 .debug_macro   0x00021bd5       0x16 ./thirdparty/FreeRTOS/Source/queue.o
 .debug_macro   0x00021beb       0x20 ./thirdparty/FreeRTOS/Source/queue.o
 .debug_macro   0x00021c0b       0x80 ./thirdparty/FreeRTOS/Source/queue.o
 .debug_macro   0x00021c8b      0x27e ./thirdparty/FreeRTOS/Source/tasks.o
 .debug_macro   0x00021f09       0x17 ./thirdparty/FreeRTOS/Source/tasks.o
 .debug_macro   0x00021f20      0x1e7 ./thirdparty/FreeRTOS/Source/timers.o
 .debug_macro   0x00022107       0x97 ./thirdparty/FreeRTOS/Source/timers.o
 .debug_macro   0x0002219e      0x1a7 ./thirdparty/FreeRTOS/Source/portable/GCC/ARM_CM4F/port.o
 .debug_macro   0x00022345      0x219 ./thirdparty/FreeRTOS/Source/portable/MemMang/heap_4.o

.debug_line     0x00000000    0x14567
 .debug_line    0x00000000      0xbf2 ./Core/Src/main.o
 .debug_line    0x00000bf2      0x7b6 ./Core/Src/stm32f4xx_hal_msp.o
 .debug_line    0x000013a8      0x7e3 ./Core/Src/stm32f4xx_hal_timebase_tim.o
 .debug_line    0x00001b8b      0x804 ./Core/Src/stm32f4xx_it.o
 .debug_line    0x0000238f      0x7ec ./Core/Src/system_stm32f4xx.o
 .debug_line    0x00002b7b       0x7a ./Core/Startup/startup_stm32f407vgtx.o
 .debug_line    0x00002bf5      0xa55 ./Drivers/STM32F4xx_HAL_Driver/Src/stm32f4xx_hal.o
 .debug_line    0x0000364a      0xd1d ./Drivers/STM32F4xx_HAL_Driver/Src/stm32f4xx_hal_cortex.o
 .debug_line    0x00004367      0xbe1 ./Drivers/STM32F4xx_HAL_Driver/Src/stm32f4xx_hal_gpio.o
 .debug_line    0x00004f48     0x3b9b ./Drivers/STM32F4xx_HAL_Driver/Src/stm32f4xx_hal_i2c.o
 .debug_line    0x00008ae3      0xdc6 ./Drivers/STM32F4xx_HAL_Driver/Src/stm32f4xx_hal_rcc.o
 .debug_line    0x000098a9     0x37f9 ./Drivers/STM32F4xx_HAL_Driver/Src/stm32f4xx_hal_tim.o
 .debug_line    0x0000d0a2     0x1a4b ./Drivers/STM32F4xx_HAL_Driver/Src/stm32f4xx_hal_tim_ex.o
 .debug_line    0x0000eaed      0x768 ./thirdparty/FreeRTOS/Source/list.o
 .debug_line    0x0000f255     0x1674 ./thirdparty/FreeRTOS/Source/queue.o
 .debug_line    0x000108c9     0x1dbe ./thirdparty/FreeRTOS/Source/tasks.o
 .debug_line    0x00012687      0xcaf ./thirdparty/FreeRTOS/Source/timers.o
 .debug_line    0x00013336      0x848 ./thirdparty/FreeRTOS/Source/portable/GCC/ARM_CM4F/port.o
 .debug_line    0x00013b7e      0x9e9 ./thirdparty/FreeRTOS/Source/portable/MemMang/heap_4.o

.debug_str      0x00000000    0xd3f6f
 .debug_str     0x00000000    0xcc817 ./Core/Src/main.o
                              0xccbc7 (size before relaxing)
 .debug_str     0x000cc817       0x63 ./Core/Src/stm32f4xx_hal_msp.o
                              0xc3ea5 (size before relaxing)
 .debug_str     0x000cc87a      0x60a ./Core/Src/stm32f4xx_hal_timebase_tim.o
                              0xc44ae (size before relaxing)
 .debug_str     0x000cce84       0xb5 ./Core/Src/stm32f4xx_it.o
                              0xc3db4 (size before relaxing)
 .debug_str     0x000ccf39       0xdb ./Core/Src/system_stm32f4xx.o
                              0xc39b7 (size before relaxing)
 .debug_str     0x000cd014       0x44 ./Core/Startup/startup_stm32f407vgtx.o
                                 0x80 (size before relaxing)
 .debug_str     0x000cd058      0x5c9 ./Drivers/STM32F4xx_HAL_Driver/Src/stm32f4xx_hal.o
                              0xc453b (size before relaxing)
 .debug_str     0x000cd621      0x347 ./Drivers/STM32F4xx_HAL_Driver/Src/stm32f4xx_hal_cortex.o
                              0xc4285 (size before relaxing)
 .debug_str     0x000cd968      0x10e ./Drivers/STM32F4xx_HAL_Driver/Src/stm32f4xx_hal_gpio.o
                              0xc3b32 (size before relaxing)
 .debug_str     0x000cda76      0xb1e ./Drivers/STM32F4xx_HAL_Driver/Src/stm32f4xx_hal_i2c.o
                              0xc49d5 (size before relaxing)
 .debug_str     0x000ce594      0x1f2 ./Drivers/STM32F4xx_HAL_Driver/Src/stm32f4xx_hal_rcc.o
                              0xc3deb (size before relaxing)
 .debug_str     0x000ce786      0xe51 ./Drivers/STM32F4xx_HAL_Driver/Src/stm32f4xx_hal_tim.o
                              0xc4d41 (size before relaxing)
 .debug_str     0x000cf5d7      0x503 ./Drivers/STM32F4xx_HAL_Driver/Src/stm32f4xx_hal_tim_ex.o
                              0xc454d (size before relaxing)
 .debug_str     0x000cfada      0x26c ./thirdparty/FreeRTOS/Source/list.o
                               0xb144 (size before relaxing)
 .debug_str     0x000cfd46     0x146a ./thirdparty/FreeRTOS/Source/queue.o
                               0xd843 (size before relaxing)
 .debug_str     0x000d11b0     0x1ab9 ./thirdparty/FreeRTOS/Source/tasks.o
                               0xe255 (size before relaxing)
 .debug_str     0x000d2c69      0x54b ./thirdparty/FreeRTOS/Source/timers.o
                               0xd9c3 (size before relaxing)
 .debug_str     0x000d31b4      0x7dd ./thirdparty/FreeRTOS/Source/portable/GCC/ARM_CM4F/port.o
                               0x998b (size before relaxing)
 .debug_str     0x000d3991      0x5de ./thirdparty/FreeRTOS/Source/portable/MemMang/heap_4.o
                               0xc96e (size before relaxing)

.comment        0x00000000       0x43
 .comment       0x00000000       0x43 ./Core/Src/main.o
                                 0x44 (size before relaxing)
 .comment       0x00000043       0x44 ./Core/Src/stm32f4xx_hal_msp.o
 .comment       0x00000043       0x44 ./Core/Src/stm32f4xx_hal_timebase_tim.o
 .comment       0x00000043       0x44 ./Core/Src/stm32f4xx_it.o
 .comment       0x00000043       0x44 ./Core/Src/system_stm32f4xx.o
 .comment       0x00000043       0x44 ./Drivers/STM32F4xx_HAL_Driver/Src/stm32f4xx_hal.o
 .comment       0x00000043       0x44 ./Drivers/STM32F4xx_HAL_Driver/Src/stm32f4xx_hal_cortex.o
 .comment       0x00000043       0x44 ./Drivers/STM32F4xx_HAL_Driver/Src/stm32f4xx_hal_gpio.o
 .comment       0x00000043       0x44 ./Drivers/STM32F4xx_HAL_Driver/Src/stm32f4xx_hal_i2c.o
 .comment       0x00000043       0x44 ./Drivers/STM32F4xx_HAL_Driver/Src/stm32f4xx_hal_rcc.o
 .comment       0x00000043       0x44 ./Drivers/STM32F4xx_HAL_Driver/Src/stm32f4xx_hal_tim.o
 .comment       0x00000043       0x44 ./Drivers/STM32F4xx_HAL_Driver/Src/stm32f4xx_hal_tim_ex.o
 .comment       0x00000043       0x44 ./thirdparty/FreeRTOS/Source/list.o
 .comment       0x00000043       0x44 ./thirdparty/FreeRTOS/Source/queue.o
 .comment       0x00000043       0x44 ./thirdparty/FreeRTOS/Source/tasks.o
 .comment       0x00000043       0x44 ./thirdparty/FreeRTOS/Source/timers.o
 .comment       0x00000043       0x44 ./thirdparty/FreeRTOS/Source/portable/GCC/ARM_CM4F/port.o
 .comment       0x00000043       0x44 ./thirdparty/FreeRTOS/Source/portable/MemMang/heap_4.o

.debug_frame    0x00000000     0x4ae8
 .debug_frame   0x00000000      0x18c ./Core/Src/main.o
 .debug_frame   0x0000018c       0x80 ./Core/Src/stm32f4xx_hal_msp.o
 .debug_frame   0x0000020c       0x74 ./Core/Src/stm32f4xx_hal_timebase_tim.o
 .debug_frame   0x00000280       0xc4 ./Core/Src/stm32f4xx_it.o
 .debug_frame   0x00000344       0x58 ./Core/Src/system_stm32f4xx.o
 .debug_frame   0x0000039c      0x374 ./Drivers/STM32F4xx_HAL_Driver/Src/stm32f4xx_hal.o
 .debug_frame   0x00000710      0x4b8 ./Drivers/STM32F4xx_HAL_Driver/Src/stm32f4xx_hal_cortex.o
 .debug_frame   0x00000bc8      0x14c ./Drivers/STM32F4xx_HAL_Driver/Src/stm32f4xx_hal_gpio.o
 .debug_frame   0x00000d14      0xc84 ./Drivers/STM32F4xx_HAL_Driver/Src/stm32f4xx_hal_i2c.o
 .debug_frame   0x00001998      0x1f4 ./Drivers/STM32F4xx_HAL_Driver/Src/stm32f4xx_hal_rcc.o
 .debug_frame   0x00001b8c     0x11c0 ./Drivers/STM32F4xx_HAL_Driver/Src/stm32f4xx_hal_tim.o
 .debug_frame   0x00002d4c      0x638 ./Drivers/STM32F4xx_HAL_Driver/Src/stm32f4xx_hal_tim_ex.o
 .debug_frame   0x00003384       0xd8 ./thirdparty/FreeRTOS/Source/list.o
 .debug_frame   0x0000345c      0x530 ./thirdparty/FreeRTOS/Source/queue.o
 .debug_frame   0x0000398c      0x8a8 ./thirdparty/FreeRTOS/Source/tasks.o
 .debug_frame   0x00004234      0x3c8 ./thirdparty/FreeRTOS/Source/timers.o
 .debug_frame   0x000045fc      0x1a8 ./thirdparty/FreeRTOS/Source/portable/GCC/ARM_CM4F/port.o
 .debug_frame   0x000047a4      0x150 ./thirdparty/FreeRTOS/Source/portable/MemMang/heap_4.o
 .debug_frame   0x000048f4       0x20 C:/ST/STM32CubeIDE_1.16.0/STM32CubeIDE/plugins/com.st.stm32cube.ide.mcu.externaltools.gnu-tools-for-stm32.12.3.rel1.win32_1.0.200.202406191623/tools/bin/../lib/gcc/arm-none-eabi/12.3.1/../../../../arm-none-eabi/lib/thumb/v7e-m+fp/hard\libc_nano.a(libc_a-memset.o)
 .debug_frame   0x00004914       0x2c C:/ST/STM32CubeIDE_1.16.0/STM32CubeIDE/plugins/com.st.stm32cube.ide.mcu.externaltools.gnu-tools-for-stm32.12.3.rel1.win32_1.0.200.202406191623/tools/bin/../lib/gcc/arm-none-eabi/12.3.1/../../../../arm-none-eabi/lib/thumb/v7e-m+fp/hard\libc_nano.a(libc_a-init.o)
 .debug_frame   0x00004940       0x28 C:/ST/STM32CubeIDE_1.16.0/STM32CubeIDE/plugins/com.st.stm32cube.ide.mcu.externaltools.gnu-tools-for-stm32.12.3.rel1.win32_1.0.200.202406191623/tools/bin/../lib/gcc/arm-none-eabi/12.3.1/../../../../arm-none-eabi/lib/thumb/v7e-m+fp/hard\libc_nano.a(libc_a-memcpy-stub.o)
 .debug_frame   0x00004968       0xac C:/ST/STM32CubeIDE_1.16.0/STM32CubeIDE/plugins/com.st.stm32cube.ide.mcu.externaltools.gnu-tools-for-stm32.12.3.rel1.win32_1.0.200.202406191623/tools/bin/../lib/gcc/arm-none-eabi/12.3.1/thumb/v7e-m+fp/hard\libgcc.a(_arm_addsubdf3.o)
 .debug_frame   0x00004a14       0x50 C:/ST/STM32CubeIDE_1.16.0/STM32CubeIDE/plugins/com.st.stm32cube.ide.mcu.externaltools.gnu-tools-for-stm32.12.3.rel1.win32_1.0.200.202406191623/tools/bin/../lib/gcc/arm-none-eabi/12.3.1/thumb/v7e-m+fp/hard\libgcc.a(_arm_muldivdf3.o)
 .debug_frame   0x00004a64       0x24 C:/ST/STM32CubeIDE_1.16.0/STM32CubeIDE/plugins/com.st.stm32cube.ide.mcu.externaltools.gnu-tools-for-stm32.12.3.rel1.win32_1.0.200.202406191623/tools/bin/../lib/gcc/arm-none-eabi/12.3.1/thumb/v7e-m+fp/hard\libgcc.a(_arm_truncdfsf2.o)
 .debug_frame   0x00004a88       0x2c C:/ST/STM32CubeIDE_1.16.0/STM32CubeIDE/plugins/com.st.stm32cube.ide.mcu.externaltools.gnu-tools-for-stm32.12.3.rel1.win32_1.0.200.202406191623/tools/bin/../lib/gcc/arm-none-eabi/12.3.1/thumb/v7e-m+fp/hard\libgcc.a(_aeabi_uldivmod.o)
 .debug_frame   0x00004ab4       0x34 C:/ST/STM32CubeIDE_1.16.0/STM32CubeIDE/plugins/com.st.stm32cube.ide.mcu.externaltools.gnu-tools-for-stm32.12.3.rel1.win32_1.0.200.202406191623/tools/bin/../lib/gcc/arm-none-eabi/12.3.1/thumb/v7e-m+fp/hard\libgcc.a(_udivmoddi4.o)

.debug_line_str
                0x00000000       0x64
 .debug_line_str
                0x00000000       0x64 ./Core/Startup/startup_stm32f407vgtx.o
